Component: ARM Compiler 5.06 update 5 (build 528) Tool: armlink [4d35e2]

==============================================================================

Section Cross References

    startup_stm32g474xx.o(STACK) refers (Special) to heapauxi.o(.text) for __use_two_region_memory
    startup_stm32g474xx.o(HEAP) refers (Special) to heapauxi.o(.text) for __use_two_region_memory
    startup_stm32g474xx.o(RESET) refers (Special) to heapauxi.o(.text) for __use_two_region_memory
    startup_stm32g474xx.o(RESET) refers to startup_stm32g474xx.o(STACK) for __initial_sp
    startup_stm32g474xx.o(RESET) refers to startup_stm32g474xx.o(.text) for Reset_Handler
    startup_stm32g474xx.o(RESET) refers to stm32g4xx_it.o(i.NMI_Handler) for NMI_Handler
    startup_stm32g474xx.o(RESET) refers to stm32g4xx_it.o(i.HardFault_Handler) for HardFault_Handler
    startup_stm32g474xx.o(RESET) refers to stm32g4xx_it.o(i.MemManage_Handler) for MemManage_Handler
    startup_stm32g474xx.o(RESET) refers to stm32g4xx_it.o(i.BusFault_Handler) for BusFault_Handler
    startup_stm32g474xx.o(RESET) refers to stm32g4xx_it.o(i.UsageFault_Handler) for UsageFault_Handler
    startup_stm32g474xx.o(RESET) refers to stm32g4xx_it.o(i.SVC_Handler) for SVC_Handler
    startup_stm32g474xx.o(RESET) refers to stm32g4xx_it.o(i.DebugMon_Handler) for DebugMon_Handler
    startup_stm32g474xx.o(RESET) refers to stm32g4xx_it.o(i.PendSV_Handler) for PendSV_Handler
    startup_stm32g474xx.o(RESET) refers to stm32g4xx_it.o(i.SysTick_Handler) for SysTick_Handler
    startup_stm32g474xx.o(RESET) refers to stm32g4xx_it.o(i.USB_LP_IRQHandler) for USB_LP_IRQHandler
    startup_stm32g474xx.o(.text) refers (Special) to heapauxi.o(.text) for __use_two_region_memory
    startup_stm32g474xx.o(.text) refers to system_stm32g4xx.o(i.SystemInit) for SystemInit
    startup_stm32g474xx.o(.text) refers to __main.o(!!!main) for __main
    startup_stm32g474xx.o(.text) refers to startup_stm32g474xx.o(HEAP) for Heap_Mem
    startup_stm32g474xx.o(.text) refers to startup_stm32g474xx.o(STACK) for Stack_Mem
    main.o(i.MX_ADC1_Init) refers to rt_memclr_w.o(.text) for __aeabi_memclr4
    main.o(i.MX_ADC1_Init) refers to stm32g4xx_hal_adc.o(i.HAL_ADC_Init) for HAL_ADC_Init
    main.o(i.MX_ADC1_Init) refers to stm32g4xx_hal_adc_ex.o(i.HAL_ADCEx_MultiModeConfigChannel) for HAL_ADCEx_MultiModeConfigChannel
    main.o(i.MX_ADC1_Init) refers to stm32g4xx_hal_adc.o(i.HAL_ADC_ConfigChannel) for HAL_ADC_ConfigChannel
    main.o(i.MX_ADC1_Init) refers to main.o(.bss) for .bss
    main.o(i.MX_ADC2_Init) refers to rt_memclr_w.o(.text) for __aeabi_memclr4
    main.o(i.MX_ADC2_Init) refers to stm32g4xx_hal_adc.o(i.HAL_ADC_Init) for HAL_ADC_Init
    main.o(i.MX_ADC2_Init) refers to stm32g4xx_hal_adc.o(i.HAL_ADC_ConfigChannel) for HAL_ADC_ConfigChannel
    main.o(i.MX_ADC2_Init) refers to main.o(.bss) for .bss
    main.o(i.MX_ADC3_Init) refers to rt_memclr_w.o(.text) for __aeabi_memclr4
    main.o(i.MX_ADC3_Init) refers to stm32g4xx_hal_adc.o(i.HAL_ADC_Init) for HAL_ADC_Init
    main.o(i.MX_ADC3_Init) refers to stm32g4xx_hal_adc_ex.o(i.HAL_ADCEx_MultiModeConfigChannel) for HAL_ADCEx_MultiModeConfigChannel
    main.o(i.MX_ADC3_Init) refers to stm32g4xx_hal_adc.o(i.HAL_ADC_ConfigChannel) for HAL_ADC_ConfigChannel
    main.o(i.MX_ADC3_Init) refers to main.o(.bss) for .bss
    main.o(i.MX_GPIO_Init) refers to rt_memclr_w.o(.text) for __aeabi_memclr4
    main.o(i.MX_GPIO_Init) refers to stm32g4xx_hal_gpio.o(i.HAL_GPIO_WritePin) for HAL_GPIO_WritePin
    main.o(i.MX_GPIO_Init) refers to stm32g4xx_hal_gpio.o(i.HAL_GPIO_Init) for HAL_GPIO_Init
    main.o(i.MX_SPI3_Init) refers to stm32g4xx_hal_spi.o(i.HAL_SPI_Init) for HAL_SPI_Init
    main.o(i.MX_SPI3_Init) refers to main.o(.bss) for .bss
    main.o(i.MX_TIM1_Init) refers to rt_memclr_w.o(.text) for __aeabi_memclr4
    main.o(i.MX_TIM1_Init) refers to stm32g4xx_hal_tim.o(i.HAL_TIM_Base_Init) for HAL_TIM_Base_Init
    main.o(i.MX_TIM1_Init) refers to stm32g4xx_hal_tim.o(i.HAL_TIM_ConfigClockSource) for HAL_TIM_ConfigClockSource
    main.o(i.MX_TIM1_Init) refers to stm32g4xx_hal_tim.o(i.HAL_TIM_PWM_Init) for HAL_TIM_PWM_Init
    main.o(i.MX_TIM1_Init) refers to stm32g4xx_hal_tim_ex.o(i.HAL_TIMEx_MasterConfigSynchronization) for HAL_TIMEx_MasterConfigSynchronization
    main.o(i.MX_TIM1_Init) refers to stm32g4xx_hal_tim.o(i.HAL_TIM_PWM_ConfigChannel) for HAL_TIM_PWM_ConfigChannel
    main.o(i.MX_TIM1_Init) refers to stm32g4xx_hal_tim_ex.o(i.HAL_TIMEx_ConfigBreakDeadTime) for HAL_TIMEx_ConfigBreakDeadTime
    main.o(i.MX_TIM1_Init) refers to stm32g4xx_hal_msp.o(i.HAL_TIM_MspPostInit) for HAL_TIM_MspPostInit
    main.o(i.MX_TIM1_Init) refers to main.o(.bss) for .bss
    main.o(i.MX_TIM2_Init) refers to rt_memclr_w.o(.text) for __aeabi_memclr4
    main.o(i.MX_TIM2_Init) refers to stm32g4xx_hal_tim.o(i.HAL_TIM_Base_Init) for HAL_TIM_Base_Init
    main.o(i.MX_TIM2_Init) refers to stm32g4xx_hal_tim.o(i.HAL_TIM_ConfigClockSource) for HAL_TIM_ConfigClockSource
[...]
    COMP1_2_3_IRQHandler                     0x0800037f   Thumb Code     0  startup_stm32g474xx.o(.text)
    COMP4_5_6_IRQHandler                     0x0800037f   Thumb Code     0  startup_stm32g474xx.o(.text)
    COMP7_IRQHandler                         0x0800037f   Thumb Code     0  startup_stm32g474xx.o(.text)
    CORDIC_IRQHandler                        0x0800037f   Thumb Code     0  startup_stm32g474xx.o(.text)
    CRS_IRQHandler                           0x0800037f   Thumb Code     0  startup_stm32g474xx.o(.text)
    DMA1_Channel1_IRQHandler                 0x0800037f   Thumb Code     0  startup_stm32g474xx.o(.text)
    DMA1_Channel2_IRQHandler                 0x0800037f   Thumb Code     0  startup_stm32g474xx.o(.text)
    DMA1_Channel3_IRQHandler                 0x0800037f   Thumb Code     0  startup_stm32g474xx.o(.text)
    DMA1_Channel4_IRQHandler                 0x0800037f   Thumb Code     0  startup_stm32g474xx.o(.text)
    DMA1_Channel5_IRQHandler                 0x0800037f   Thumb Code     0  startup_stm32g474xx.o(.text)
    DMA1_Channel6_IRQHandler                 0x0800037f   Thumb Code     0  startup_stm32g474xx.o(.text)
    DMA1_Channel7_IRQHandler                 0x0800037f   Thumb Code     0  startup_stm32g474xx.o(.text)
    DMA1_Channel8_IRQHandler                 0x0800037f   Thumb Code     0  startup_stm32g474xx.o(.text)
    DMA2_Channel1_IRQHandler                 0x0800037f   Thumb Code     0  startup_stm32g474xx.o(.text)
    DMA2_Channel2_IRQHandler                 0x0800037f   Thumb Code     0  startup_stm32g474xx.o(.text)
    DMA2_Channel3_IRQHandler                 0x0800037f   Thumb Code     0  startup_stm32g474xx.o(.text)
    DMA2_Channel4_IRQHandler                 0x0800037f   Thumb Code     0  startup_stm32g474xx.o(.text)
    DMA2_Channel5_IRQHandler                 0x0800037f   Thumb Code     0  startup_stm32g474xx.o(.text)
    DMA2_Channel6_IRQHandler                 0x0800037f   Thumb Code     0  startup_stm32g474xx.o(.text)
    DMA2_Channel7_IRQHandler                 0x0800037f   Thumb Code     0  startup_stm32g474xx.o(.text)
    DMA2_Channel8_IRQHandler                 0x0800037f   Thumb Code     0  startup_stm32g474xx.o(.text)
    DMAMUX_OVR_IRQHandler                    0x0800037f   Thumb Code     0  startup_stm32g474xx.o(.text)
    EXTI0_IRQHandler                         0x0800037f   Thumb Code     0  startup_stm32g474xx.o(.text)
    EXTI15_10_IRQHandler                     0x0800037f   Thumb Code     0  startup_stm32g474xx.o(.text)
    EXTI1_IRQHandler                         0x0800037f   Thumb Code     0  startup_stm32g474xx.o(.text)
    EXTI2_IRQHandler                         0x0800037f   Thumb Code     0  startup_stm32g474xx.o(.text)
    EXTI3_IRQHandler                         0x0800037f   Thumb Code     0  startup_stm32g474xx.o(.text)
    EXTI4_IRQHandler                         0x0800037f   Thumb Code     0  startup_stm32g474xx.o(.text)
    EXTI9_5_IRQHandler                       0x0800037f   Thumb Code     0  startup_stm32g474xx.o(.text)
    FDCAN1_IT0_IRQHandler                    0x0800037f   Thumb Code     0  startup_stm32g474xx.o(.text)
    FDCAN1_IT1_IRQHandler                    0x0800037f   Thumb Code     0  startup_stm32g474xx.o(.text)
    FDCAN2_IT0_IRQHandler                    0x0800037f   Thumb Code     0  startup_stm32g474xx.o(.text)
    FDCAN2_IT1_IRQHandler                    0x0800037f   Thumb Code     0  startup_stm32g474xx.o(.text)
    FDCAN3_IT0_IRQHandler                    0x0800037f   Thumb Code     0  startup_stm32g474xx.o(.text)
    FDCAN3_IT1_IRQHandler                    0x0800037f   Thumb Code     0  startup_stm32g474xx.o(.text)
    FLASH_IRQHandler                         0x0800037f   Thumb Code     0  startup_stm32g474xx.o(.text)
    FMAC_IRQHandler                          0x0800037f   Thumb Code     0  startup_stm32g474xx.o(.text)
    FMC_IRQHandler                           0x0800037f   Thumb Code     0  startup_stm32g474xx.o(.text)
    FPU_IRQHandler                           0x0800037f   Thumb Code     0  startup_stm32g474xx.o(.text)
    HRTIM1_FLT_IRQHandler                    0x0800037f   Thumb Code     0  startup_stm32g474xx.o(.text)
    HRTIM1_Master_IRQHandler                 0x0800037f   Thumb Code     0  startup_stm32g474xx.o(.text)
    HRTIM1_TIMA_IRQHandler                   0x0800037f   Thumb Code     0  startup_stm32g474xx.o(.text)
    HRTIM1_TIMB_IRQHandler                   0x0800037f   Thumb Code     0  startup_stm32g474xx.o(.text)
    HRTIM1_TIMC_IRQHandler                   0x0800037f   Thumb Code     0  startup_stm32g474xx.o(.text)
    HRTIM1_TIMD_IRQHandler                   0x0800037f   Thumb Code     0  startup_stm32g474xx.o(.text)
    HRTIM1_TIME_IRQHandler                   0x0800037f   Thumb Code     0  startup_stm32g474xx.o(.text)
    HRTIM1_TIMF_IRQHandler                   0x0800037f   Thumb Code     0  startup_stm32g474xx.o(.text)
    I2C1_ER_IRQHandler                       0x0800037f   Thumb Code     0  startup_stm32g474xx.o(.text)
    I2C1_EV_IRQHandler                       0x0800037f   Thumb Code     0  startup_stm32g474xx.o(.text)
    I2C2_ER_IRQHandler                       0x0800037f   Thumb Code     0  startup_stm32g474xx.o(.text)
    I2C2_EV_IRQHandler                       0x0800037f   Thumb Code     0  startup_stm32g474xx.o(.text)
    I2C3_ER_IRQHandler                       0x0800037f   Thumb Code     0  startup_stm32g474xx.o(.text)
    I2C3_EV_IRQHandler                       0x0800037f   Thumb Code     0  startup_stm32g474xx.o(.text)
    I2C4_ER_IRQHandler                       0x0800037f   Thumb Code     0  startup_stm32g474xx.o(.text)
    I2C4_EV_IRQHandler                       0x0800037f   Thumb Code     0  startup_stm32g474xx.o(.text)
    LPTIM1_IRQHandler                        0x0800037f   Thumb Code     0  startup_stm32g474xx.o(.text)
    LPUART1_IRQHandler                       0x0800037f   Thumb Code     0  startup_stm32g474xx.o(.text)
    PVD_PVM_IRQHandler                       0x0800037f   Thumb Code     0  startup_stm32g474xx.o(.text)
    QUADSPI_IRQHandler                       0x0800037f   Thumb Code     0  startup_stm32g474xx.o(.text)
    RCC_IRQHandler                           0x0800037f   Thumb Code     0  startup_stm32g474xx.o(.text)
    RNG_IRQHandler                           0x0800037f   Thumb Code     0  startup_stm32g474xx.o(.text)
    RTC_Alarm_IRQHandler                     0x0800037f   Thumb Code     0  startup_stm32g474xx.o(.text)
    RTC_TAMP_LSECSS_IRQHandler               0x0800037f   Thumb Code     0  startup_stm32g474xx.o(.text)
    RTC_WKUP_IRQHandler                      0x0800037f   Thumb Code     0  startup_stm32g474xx.o(.text)
    SAI1_IRQHandler                          0x0800037f   Thumb Code     0  startup_stm32g474xx.o(.text)
    SPI1_IRQHandler                          0x0800037f   Thumb Code     0  startup_stm32g474xx.o(.text)
    SPI2_IRQHandler                          0x0800037f   Thumb Code     0  startup_stm32g474xx.o(.text)
    SPI3_IRQHandler                          0x0800037f   Thumb Code     0  startup_stm32g474xx.o(.text)
    SPI4_IRQHandler                          0x0800037f   Thumb Code     0  startup_stm32g474xx.o(.text)
    TIM1_BRK_TIM15_IRQHandler                0x0800037f   Thumb Code     0  startup_stm32g474xx.o(.text)
    TIM1_CC_IRQHandler                       0x0800037f   Thumb Code     0  startup_stm32g474xx.o(.text)
    TIM1_TRG_COM_TIM17_IRQHandler            0x0800037f   Thumb Code     0  startup_stm32g474xx.o(.text)
    TIM1_UP_TIM16_IRQHandler                 0x0800037f   Thumb Code     0  startup_stm32g474xx.o(.text)
    TIM20_BRK_IRQHandler                     0x0800037f   Thumb Code     0  startup_stm32g474xx.o(.text)
    TIM20_CC_IRQHandler                      0x0800037f   Thumb Code     0  startup_stm32g474xx.o(.text)
    TIM20_TRG_COM_IRQHandler                 0x0800037f   Thumb Code     0  startup_stm32g474xx.o(.text)
    TIM20_UP_IRQHandler                      0x0800037f   Thumb Code     0  startup_stm32g474xx.o(.text)
    TIM2_IRQHandler                          0x0800037f   Thumb Code     0  startup_stm32g474xx.o(.text)
    TIM3_IRQHandler                          0x0800037f   Thumb Code     0  startup_stm32g474xx.o(.text)
    TIM4_IRQHandler                          0x0800037f   Thumb Code     0  startup_stm32g474xx.o(.text)
    TIM5_IRQHandler                          0x0800037f   Thumb Code     0  startup_stm32g474xx.o(.text)
    TIM6_DAC_IRQHandler                      0x0800037f   Thumb Code     0  startup_stm32g474xx.o(.text)
    TIM7_DAC_IRQHandler                      0x0800037f   Thumb Code     0  startup_stm32g474xx.o(.text)
    TIM8_BRK_IRQHandler                      0x0800037f   Thumb Code     0  startup_stm32g474xx.o(.text)
    TIM8_CC_IRQHandler                       0x0800037f   Thumb Code     0  startup_stm32g474xx.o(.text)
    TIM8_TRG_COM_IRQHandler                  0x0800037f   Thumb Code     0  startup_stm32g474xx.o(.text)
    TIM8_UP_IRQHandler                       0x0800037f   Thumb Code     0  startup_stm32g474xx.o(.text)
    UART4_IRQHandler                         0x0800037f   Thumb Code     0  startup_stm32g474xx.o(.text)
    UART5_IRQHandler                         0x0800037f   Thumb Code     0  startup_stm32g474xx.o(.text)
    UCPD1_IRQHandler                         0x0800037f   Thumb Code     0  startup_stm32g474xx.o(.text)
    USART1_IRQHandler                        0x0800037f   Thumb Code     0  startup_stm32g474xx.o(.text)
    USART2_IRQHandler                        0x0800037f   Thumb Code     0  startup_stm32g474xx.o(.text)
    USART3_IRQHandler                        0x0800037f   Thumb Code     0  startup_stm32g474xx.o(.text)
    USBWakeUp_IRQHandler                     0x0800037f   Thumb Code     0  startup_stm32g474xx.o(.text)
    USB_HP_IRQHandler                        0x0800037f   Thumb Code     0  startup_stm32g474xx.o(.text)
    WWDG_IRQHandler                          0x0800037f   Thumb Code     0  startup_stm32g474xx.o(.text)
    __user_initial_stackheap                 0x08000381   Thumb Code     0  startup_stm32g474xx.o(.text)
    __aeabi_uldivmod                         0x080003a5   Thumb Code     0  lludivv7m.o(.text)
    _ll_udiv                                 0x080003a5   Thumb Code   238  lludivv7m.o(.text)
    vsnprintf                                0x08000495   Thumb Code    48  vsnprintf.o(.text)
    __aeabi_memclr4                          0x080004c9   Thumb Code     0  rt_memclr_w.o(.text)
    __aeabi_memclr8                          0x080004c9   Thumb Code     0  rt_memclr_w.o(.text)
    __rt_memclr_w                            0x080004c9   Thumb Code    78  rt_memclr_w.o(.text)
    _memset_w                                0x080004cd   Thumb Code     0  rt_memclr_w.o(.text)
    __use_two_region_memory                  0x08000517   Thumb Code     2  heapauxi.o(.text)
    __rt_heap_escrow$2region                 0x08000519   Thumb Code     2  heapauxi.o(.text)
    __rt_heap_expand$2region                 0x0800051b   Thumb Code     2  heapauxi.o(.text)
    _printf_pre_padding                      0x0800051d   Thumb Code    44  _printf_pad.o(.text)
    _printf_post_padding                     0x08000549   Thumb Code    34  _printf_pad.o(.text)
    _printf_truncate_signed                  0x0800056b   Thumb Code    18  _printf_truncate.o(.text)
    _printf_truncate_unsigned                0x0800057d   Thumb Code    18  _printf_truncate.o(.text)
    _printf_str                              0x0800058f   Thumb Code    82  _printf_str.o(.text)
    _printf_int_dec                          0x080005e1   Thumb Code   104  _printf_dec.o(.text)
    _printf_charcount                        0x08000659   Thumb Code    40  _printf_charcount.o(.text)
    _printf_char_common                      0x0800068b   Thumb Code    32  _printf_char_common.o(.text)
    _sputc                                   0x080006b1   Thumb Code    10  _sputc.o(.text)
    _snputc                                  0x080006bb   Thumb Code    16  _snputc.o(.text)
    _printf_wctomb                           0x080006cd   Thumb Code   182  _printf_wctomb.o(.text)
    _printf_longlong_dec                     0x08000789   Thumb Code   108  _printf_longlong_dec.o(.text)
    _printf_longlong_oct                     0x08000805   Thumb Code    66  _printf_oct_int_ll.o(.text)
    _printf_int_oct                          0x08000847   Thumb Code    24  _printf_oct_int_ll.o(.text)
    _printf_ll_oct                           0x0800085f   Thumb Code    12  _printf_oct_int_ll.o(.text)
    _printf_longlong_hex                     0x08000875   Thumb Code    86  _printf_hex_int_ll_ptr.o(.text)
    _printf_int_hex                          0x080008cb   Thumb Code    28  _printf_hex_int_ll_ptr.o(.text)
    _printf_ll_hex                           0x080008e7   Thumb Code    12  _printf_hex_int_ll_ptr.o(.text)
    _printf_hex_ptr                          0x080008f3   Thumb Code    18  _printf_hex_int_ll_ptr.o(.text)
    __printf                                 0x08000909   Thumb Code   388  __printf_flags_ss_wp.o(.text)
    _ll_udiv10                               0x08000a91   Thumb Code   138  lludiv10.o(.text)
    _printf_int_common                       0x08000b1b   Thumb Code   178  _printf_intcommon.o(.text)
    __lib_sel_fp_printf                      0x08000bcd   Thumb Code     2  _printf_fp_dec.o(.text)
    _printf_fp_dec_real                      0x08000d7f   Thumb Code   620  _printf_fp_dec.o(.text)
    _printf_fp_hex_real                      0x08000fed   Thumb Code   756  _printf_fp_hex.o(.text)
    _printf_cs_common                        0x080012e9   Thumb Code    20  _printf_char.o(.text)
    _printf_char                             0x080012fd   Thumb Code    16  _printf_char.o(.text)
    _printf_string                           0x0800130d   Thumb Code     8  _printf_char.o(.text)
    _printf_lcs_common                       0x08001315   Thumb Code    20  _printf_wchar.o(.text)
    _printf_wchar                            0x08001329   Thumb Code    16  _printf_wchar.o(.text)
    _printf_wstring                          0x08001339   Thumb Code     8  _printf_wchar.o(.text)
    _wcrtomb                                 0x08001341   Thumb Code    64  _wcrtomb.o(.text)
    __user_setup_stackheap                   0x08001381   Thumb Code    74  sys_stackheap_outer.o(.text)
    __rt_ctype_table                         0x080013cd   Thumb Code    16  rt_ctype_table.o(.text)
    __rt_locale                              0x080013dd   Thumb Code     8  rt_locale_intlibspace.o(.text)
    _printf_fp_infnan                        0x080013e5   Thumb Code   112  _printf_fp_infnan.o(.text)
    _btod_etento                             0x08001465   Thumb Code   224  bigflt0.o(.text)
    exit                                     0x08001549   Thumb Code    18  exit.o(.text)
    __user_libspace                          0x0800155d   Thumb Code     8  libspace.o(.text)
    __user_perproc_libspace                  0x0800155d   Thumb Code     0  libspace.o(.text)
    __user_perthread_libspace                0x0800155d   Thumb Code     0  libspace.o(.text)
    strcmp                                   0x08001565   Thumb Code   128  strcmpv7m.o(.text)
    _sys_exit                                0x080015e5   Thumb Code     8  sys_exit.o(.text)
    __I$use$semihosting                      0x080015f1   Thumb Code     0  use_no_semi.o(.text)
    __use_no_semihosting_swi                 0x080015f1   Thumb Code     2  use_no_semi.o(.text)
    __semihosting_library_function           0x080015f3   Thumb Code     0  indicate_semi.o(.text)
    _btod_d2e                                0x080015f3   Thumb Code    62  btod.o(CL$$btod_d2e)
    _d2e_denorm_low                          0x08001631   Thumb Code    70  btod.o(CL$$btod_d2e_denorm_low)
    _d2e_norm_op1                            0x08001677   Thumb Code    96  btod.o(CL$$btod_d2e_norm_op1)
    __btod_div_common                        0x080016d7   Thumb Code   696  btod.o(CL$$btod_div_common)
    _e2e                                     0x08001a0f   Thumb Code   220  btod.o(CL$$btod_e2e)
    _btod_ediv                               0x08001aeb   Thumb Code    42  btod.o(CL$$btod_ediv)
    _btod_emul                               0x08001b15   Thumb Code    42  btod.o(CL$$btod_emul)
    __btod_mult_common                       0x08001b3f   Thumb Code   580  btod.o(CL$$btod_mult_common)
    AS5047P_Init                             0x08001d85   Thumb Code    82  as5047p.o(i.AS5047P_Init)
    AS5047P_ReadAngle                        0x08001ddd   Thumb Code   120  as5047p.o(i.AS5047P_ReadAngle)
    BusFault_Handler                         0x08001e5d   Thumb Code     2  stm32g4xx_it.o(i.BusFault_Handler)
    CDC_Transmit_FS                          0x08001ea9   Thumb Code    38  usbd_cdc_if.o(i.CDC_Transmit_FS)
    DebugMon_Handler                         0x08001ed5   Thumb Code     2  stm32g4xx_it.o(i.DebugMon_Handler)
    Error_Handler                            0x08001ed7   Thumb Code     4  main.o(i.Error_Handler)
    HAL_ADCEx_MultiModeConfigChannel         0x08001edd   Thumb Code   326  stm32g4xx_hal_adc_ex.o(i.HAL_ADCEx_MultiModeConfigChannel)
    HAL_ADC_ConfigChannel                    0x0800203d   Thumb Code  1062  stm32g4xx_hal_adc.o(i.HAL_ADC_ConfigChannel)
    HAL_ADC_Init                             0x080024a5   Thumb Code   510  stm32g4xx_hal_adc.o(i.HAL_ADC_Init)
    HAL_ADC_MspInit                          0x080026d5   Thumb Code   308  stm32g4xx_hal_msp.o(i.HAL_ADC_MspInit)
    HAL_Delay                                0x08002821   Thumb Code    32  stm32g4xx_hal.o(i.HAL_Delay)
    HAL_GPIO_Init                            0x08002845   Thumb Code   532  stm32g4xx_hal_gpio.o(i.HAL_GPIO_Init)
    HAL_GPIO_WritePin                        0x08002a79   Thumb Code    10  stm32g4xx_hal_gpio.o(i.HAL_GPIO_WritePin)
    HAL_GetTick                              0x08002a85   Thumb Code     6  stm32g4xx_hal.o(i.HAL_GetTick)
    HAL_IncTick                              0x08002a91   Thumb Code    12  stm32g4xx_hal.o(i.HAL_IncTick)
    HAL_Init                                 0x08002aa1   Thumb Code    30  stm32g4xx_hal.o(i.HAL_Init)
    HAL_InitTick                             0x08002ac1   Thumb Code    58  stm32g4xx_hal.o(i.HAL_InitTick)
    HAL_MspInit                              0x08002b05   Thumb Code    42  stm32g4xx_hal_msp.o(i.HAL_MspInit)
    HAL_NVIC_EnableIRQ                       0x08002b35   Thumb Code    26  stm32g4xx_hal_cortex.o(i.HAL_NVIC_EnableIRQ)
    HAL_NVIC_SetPriority                     0x08002b51   Thumb Code    60  stm32g4xx_hal_cortex.o(i.HAL_NVIC_SetPriority)
    HAL_NVIC_SetPriorityGrouping             0x08002b91   Thumb Code    26  stm32g4xx_hal_cortex.o(i.HAL_NVIC_SetPriorityGrouping)
    HAL_PCDEx_ActivateLPM                    0x08002bb5   Thumb Code    36  stm32g4xx_hal_pcd_ex.o(i.HAL_PCDEx_ActivateLPM)
    HAL_PCDEx_LPM_Callback                   0x08002bd9   Thumb Code    64  usbd_conf.o(i.HAL_PCDEx_LPM_Callback)
    HAL_PCDEx_PMAConfig                      0x08002c1d   Thumb Code    60  stm32g4xx_hal_pcd_ex.o(i.HAL_PCDEx_PMAConfig)
    HAL_PCD_DataInStageCallback              0x08002c59   Thumb Code    18  usbd_conf.o(i.HAL_PCD_DataInStageCallback)
    HAL_PCD_DataOutStageCallback             0x08002c6b   Thumb Code    20  usbd_conf.o(i.HAL_PCD_DataOutStageCallback)
    HAL_PCD_EP_Close                         0x08002c7f   Thumb Code    74  stm32g4xx_hal_pcd.o(i.HAL_PCD_EP_Close)
    HAL_PCD_EP_ClrStall                      0x08002cc9   Thumb Code    90  stm32g4xx_hal_pcd.o(i.HAL_PCD_EP_ClrStall)
    HAL_PCD_EP_GetRxCount                    0x0800317f   Thumb Code    18  stm32g4xx_hal_pcd.o(i.HAL_PCD_EP_GetRxCount)
    HAL_PCD_EP_Open                          0x08003191   Thumb Code    92  stm32g4xx_hal_pcd.o(i.HAL_PCD_EP_Open)
    HAL_PCD_EP_Receive                       0x080031ed   Thumb Code    46  stm32g4xx_hal_pcd.o(i.HAL_PCD_EP_Receive)
    HAL_PCD_EP_SetStall                      0x0800321b   Thumb Code    94  stm32g4xx_hal_pcd.o(i.HAL_PCD_EP_SetStall)
    HAL_PCD_EP_Transmit                      0x08003279   Thumb Code    46  stm32g4xx_hal_pcd.o(i.HAL_PCD_EP_Transmit)
    HAL_PCD_IRQHandler                       0x080032a7   Thumb Code   330  stm32g4xx_hal_pcd.o(i.HAL_PCD_IRQHandler)
    HAL_PCD_Init                             0x080033f1   Thumb Code   156  stm32g4xx_hal_pcd.o(i.HAL_PCD_Init)
    HAL_PCD_MspInit                          0x0800348d   Thumb Code    80  usbd_conf.o(i.HAL_PCD_MspInit)
    HAL_PCD_ResetCallback                    0x080034e5   Thumb Code    38  usbd_conf.o(i.HAL_PCD_ResetCallback)
    HAL_PCD_ResumeCallback                   0x0800350d   Thumb Code    34  usbd_conf.o(i.HAL_PCD_ResumeCallback)
    HAL_PCD_SOFCallback                      0x08003535   Thumb Code     8  usbd_conf.o(i.HAL_PCD_SOFCallback)
    HAL_PCD_SetAddress                       0x0800353d   Thumb Code    38  stm32g4xx_hal_pcd.o(i.HAL_PCD_SetAddress)
    HAL_PCD_SetupStageCallback               0x08003563   Thumb Code    14  usbd_conf.o(i.HAL_PCD_SetupStageCallback)
    HAL_PCD_Start                            0x08003571   Thumb Code    42  stm32g4xx_hal_pcd.o(i.HAL_PCD_Start)
    HAL_PCD_SuspendCallback                  0x0800359d   Thumb Code    30  usbd_conf.o(i.HAL_PCD_SuspendCallback)
    HAL_PWREx_ControlVoltageScaling          0x080035c1   Thumb Code   174  stm32g4xx_hal_pwr_ex.o(i.HAL_PWREx_ControlVoltageScaling)
    HAL_PWREx_DisableUCPDDeadBattery         0x0800367d   Thumb Code    12  stm32g4xx_hal_pwr_ex.o(i.HAL_PWREx_DisableUCPDDeadBattery)
    HAL_RCCEx_PeriphCLKConfig                0x0800368d   Thumb Code   758  stm32g4xx_hal_rcc_ex.o(i.HAL_RCCEx_PeriphCLKConfig)
    HAL_RCC_ClockConfig                      0x0800398d   Thumb Code   444  stm32g4xx_hal_rcc.o(i.HAL_RCC_ClockConfig)
    HAL_RCC_GetPCLK1Freq                     0x08003b69   Thumb Code    24  stm32g4xx_hal_rcc.o(i.HAL_RCC_GetPCLK1Freq)
    HAL_RCC_GetPCLK2Freq                     0x08003b8d   Thumb Code    24  stm32g4xx_hal_rcc.o(i.HAL_RCC_GetPCLK2Freq)
    HAL_RCC_GetSysClockFreq                  0x08003bb1   Thumb Code    98  stm32g4xx_hal_rcc.o(i.HAL_RCC_GetSysClockFreq)
    HAL_RCC_OscConfig                        0x08003c1d   Thumb Code  1028  stm32g4xx_hal_rcc.o(i.HAL_RCC_OscConfig)
    HAL_SPI_Init                             0x08004021   Thumb Code   234  stm32g4xx_hal_spi.o(i.HAL_SPI_Init)
    HAL_SPI_MspInit                          0x0800410d   Thumb Code    88  stm32g4xx_hal_msp.o(i.HAL_SPI_MspInit)
    HAL_SPI_TransmitReceive                  0x08004171   Thumb Code   626  stm32g4xx_hal_spi.o(i.HAL_SPI_TransmitReceive)
    HAL_SYSTICK_Config                       0x080043e3   Thumb Code    40  stm32g4xx_hal_cortex.o(i.HAL_SYSTICK_Config)
    HAL_TIMEx_ConfigBreakDeadTime            0x0800440d   Thumb Code   154  stm32g4xx_hal_tim_ex.o(i.HAL_TIMEx_ConfigBreakDeadTime)
    HAL_TIMEx_MasterConfigSynchronization    0x080044b5   Thumb Code   150  stm32g4xx_hal_tim_ex.o(i.HAL_TIMEx_MasterConfigSynchronization)
    HAL_TIM_Base_Init                        0x0800456d   Thumb Code    98  stm32g4xx_hal_tim.o(i.HAL_TIM_Base_Init)
    HAL_TIM_Base_MspInit                     0x080045d1   Thumb Code    96  stm32g4xx_hal_msp.o(i.HAL_TIM_Base_MspInit)
    HAL_TIM_ConfigClockSource                0x08004641   Thumb Code   234  stm32g4xx_hal_tim.o(i.HAL_TIM_ConfigClockSource)
    HAL_TIM_MspPostInit                      0x08004731   Thumb Code   110  stm32g4xx_hal_msp.o(i.HAL_TIM_MspPostInit)
    HAL_TIM_PWM_ConfigChannel                0x080047b5   Thumb Code   292  stm32g4xx_hal_tim.o(i.HAL_TIM_PWM_ConfigChannel)
    HAL_TIM_PWM_Init                         0x080048d9   Thumb Code    98  stm32g4xx_hal_tim.o(i.HAL_TIM_PWM_Init)
    HAL_TIM_PWM_MspInit                      0x0800493b   Thumb Code     2  stm32g4xx_hal_tim.o(i.HAL_TIM_PWM_MspInit)
    HAL_TIM_PWM_Start                        0x0800493d   Thumb Code   234  stm32g4xx_hal_tim.o(i.HAL_TIM_PWM_Start)
    HAL_TIM_SlaveConfigSynchro               0x08004a51   Thumb Code    86  stm32g4xx_hal_tim.o(i.HAL_TIM_SlaveConfigSynchro)
    HAL_UARTEx_DisableFifoMode               0x08004aa7   Thumb Code    62  stm32g4xx_hal_uart_ex.o(i.HAL_UARTEx_DisableFifoMode)
    HAL_UARTEx_SetRxFifoThreshold            0x08004ae5   Thumb Code    76  stm32g4xx_hal_uart_ex.o(i.HAL_UARTEx_SetRxFifoThreshold)
    HAL_UARTEx_SetTxFifoThreshold            0x08004b31   Thumb Code    76  stm32g4xx_hal_uart_ex.o(i.HAL_UARTEx_SetTxFifoThreshold)
    HAL_UART_Init                            0x08004b7d   Thumb Code   106  stm32g4xx_hal_uart.o(i.HAL_UART_Init)
    HAL_UART_MspInit                         0x08004be9   Thumb Code   256  stm32g4xx_hal_msp.o(i.HAL_UART_MspInit)
    HardFault_Handler                        0x08004cfd   Thumb Code     2  stm32g4xx_it.o(i.HardFault_Handler)
    MX_USB_Device_Init                       0x08005551   Thumb Code    66  usb_device.o(i.MX_USB_Device_Init)
    MemManage_Handler                        0x080055a5   Thumb Code     2  stm32g4xx_it.o(i.MemManage_Handler)
    NMI_Handler                              0x080055a7   Thumb Code     2  stm32g4xx_it.o(i.NMI_Handler)
    PendSV_Handler                           0x0800593d   Thumb Code     2  stm32g4xx_it.o(i.PendSV_Handler)
    SVC_Handler                              0x08005b25   Thumb Code     2  stm32g4xx_it.o(i.SVC_Handler)
    SysTick_Handler                          0x08005b31   Thumb Code     4  stm32g4xx_it.o(i.SysTick_Handler)
    SystemClock_Config                       0x08005b35   Thumb Code   108  main.o(i.SystemClock_Config)
    SystemInit                               0x08005ba1   Thumb Code    12  system_stm32g4xx.o(i.SystemInit)
    TIM_Base_SetConfig                       0x08005bb1   Thumb Code   184  stm32g4xx_hal_tim.o(i.TIM_Base_SetConfig)
    TIM_CCxChannelCmd                        0x08005c8d   Thumb Code    26  stm32g4xx_hal_tim.o(i.TIM_CCxChannelCmd)
    TIM_ETR_SetConfig                        0x08005ca7   Thumb Code    20  stm32g4xx_hal_tim.o(i.TIM_ETR_SetConfig)
    TIM_OC2_SetConfig                        0x08005d85   Thumb Code   140  stm32g4xx_hal_tim.o(i.TIM_OC2_SetConfig)
    UART_AdvFeatureConfig                    0x0800623d   Thumb Code   200  stm32g4xx_hal_uart.o(i.UART_AdvFeatureConfig)
    UART_CheckIdleState                      0x08006305   Thumb Code   172  stm32g4xx_hal_uart.o(i.UART_CheckIdleState)
    UART_SetConfig                           0x08006405   Thumb Code   614  stm32g4xx_hal_uart.o(i.UART_SetConfig)
    UART_WaitOnFlagUntilTimeout              0x0800669d   Thumb Code   148  stm32g4xx_hal_uart.o(i.UART_WaitOnFlagUntilTimeout)
    USBD_CDC_ConfigStrDescriptor             0x08006731   Thumb Code    16  usbd_desc.o(i.USBD_CDC_ConfigStrDescriptor)
    USBD_CDC_DeviceDescriptor                0x08006821   Thumb Code     8  usbd_desc.o(i.USBD_CDC_DeviceDescriptor)
    USBD_CDC_GetDeviceQualifierDescriptor    0x0800685d   Thumb Code     8  usbd_cdc.o(i.USBD_CDC_GetDeviceQualifierDescriptor)
    USBD_CDC_InterfaceStrDescriptor          0x08006931   Thumb Code    16  usbd_desc.o(i.USBD_CDC_InterfaceStrDescriptor)
    USBD_CDC_LangIDStrDescriptor             0x08006955   Thumb Code     8  usbd_desc.o(i.USBD_CDC_LangIDStrDescriptor)
    USBD_CDC_ManufacturerStrDescriptor       0x08006961   Thumb Code    16  usbd_desc.o(i.USBD_CDC_ManufacturerStrDescriptor)
    USBD_CDC_ProductStrDescriptor            0x08006989   Thumb Code    16  usbd_desc.o(i.USBD_CDC_ProductStrDescriptor)
    USBD_CDC_ReceivePacket                   0x080069b5   Thumb Code    40  usbd_cdc.o(i.USBD_CDC_ReceivePacket)
    USBD_CDC_RegisterInterface               0x080069dd   Thumb Code    14  usbd_cdc.o(i.USBD_CDC_RegisterInterface)
    USBD_CDC_SerialStrDescriptor             0x080069ed   Thumb Code    48  usbd_desc.o(i.USBD_CDC_SerialStrDescriptor)
    USBD_CDC_SetRxBuffer                     0x08006a25   Thumb Code    18  usbd_cdc.o(i.USBD_CDC_SetRxBuffer)
    USBD_CDC_SetTxBuffer                     0x08006a37   Thumb Code    22  usbd_cdc.o(i.USBD_CDC_SetTxBuffer)
    USBD_CDC_TransmitPacket                  0x08006b0b   Thumb Code    54  usbd_cdc.o(i.USBD_CDC_TransmitPacket)
    USBD_ClrClassConfig                      0x08006b41   Thumb Code    16  usbd_core.o(i.USBD_ClrClassConfig)
    USBD_CtlContinueRx                       0x08006b51   Thumb Code    16  usbd_ioreq.o(i.USBD_CtlContinueRx)
    USBD_CtlContinueSendData                 0x08006b61   Thumb Code    16  usbd_ioreq.o(i.USBD_CtlContinueSendData)
    USBD_CtlError                            0x08006b71   Thumb Code    22  usbd_ctlreq.o(i.USBD_CtlError)
    USBD_CtlPrepareRx                        0x08006b87   Thumb Code    30  usbd_ioreq.o(i.USBD_CtlPrepareRx)
    USBD_CtlReceiveStatus                    0x08006ba5   Thumb Code    22  usbd_ioreq.o(i.USBD_CtlReceiveStatus)
    USBD_CtlSendData                         0x08006bbb   Thumb Code    26  usbd_ioreq.o(i.USBD_CtlSendData)
    USBD_CtlSendStatus                       0x08006bd5   Thumb Code    22  usbd_ioreq.o(i.USBD_CtlSendStatus)
    USBD_GetString                           0x08006ce5   Thumb Code    72  usbd_ctlreq.o(i.USBD_GetString)
    USBD_Init                                0x08006d45   Thumb Code    38  usbd_core.o(i.USBD_Init)
    USBD_LL_ClearStallEP                     0x08006d6b   Thumb Code    18  usbd_conf.o(i.USBD_LL_ClearStallEP)
    USBD_LL_CloseEP                          0x08006d7d   Thumb Code    18  usbd_conf.o(i.USBD_LL_CloseEP)
    USBD_LL_DataInStage                      0x08006d8f   Thumb Code   168  usbd_core.o(i.USBD_LL_DataInStage)
    USBD_LL_DataOutStage                     0x08006e37   Thumb Code   108  usbd_core.o(i.USBD_LL_DataOutStage)
    USBD_LL_GetRxDataSize                    0x08006ea3   Thumb Code     8  usbd_conf.o(i.USBD_LL_GetRxDataSize)
    USBD_LL_Init                             0x08006ead   Thumb Code   124  usbd_conf.o(i.USBD_LL_Init)
    USBD_LL_IsStallEP                        0x08006f31   Thumb Code    30  usbd_conf.o(i.USBD_LL_IsStallEP)
    USBD_LL_OpenEP                           0x08006f4f   Thumb Code    24  usbd_conf.o(i.USBD_LL_OpenEP)
    USBD_LL_PrepareReceive                   0x08006f67   Thumb Code    18  usbd_conf.o(i.USBD_LL_PrepareReceive)
    USBD_LL_Reset                            0x08006f79   Thumb Code    90  usbd_core.o(i.USBD_LL_Reset)
    USBD_LL_Resume                           0x08006fd3   Thumb Code    20  usbd_core.o(i.USBD_LL_Resume)
    USBD_LL_SOF                              0x08006fe7   Thumb Code    32  usbd_core.o(i.USBD_LL_SOF)
    USBD_LL_SetSpeed                         0x08007007   Thumb Code     6  usbd_core.o(i.USBD_LL_SetSpeed)
    USBD_LL_SetUSBAddress                    0x0800700d   Thumb Code    18  usbd_conf.o(i.USBD_LL_SetUSBAddress)
    USBD_LL_SetupStage                       0x0800701f   Thumb Code    96  usbd_core.o(i.USBD_LL_SetupStage)
    USBD_LL_StallEP                          0x0800707f   Thumb Code    18  usbd_conf.o(i.USBD_LL_StallEP)
    USBD_LL_Start                            0x08007091   Thumb Code    18  usbd_conf.o(i.USBD_LL_Start)
    USBD_LL_Suspend                          0x080070a3   Thumb Code    18  usbd_core.o(i.USBD_LL_Suspend)
    USBD_LL_Transmit                         0x080070b5   Thumb Code    18  usbd_conf.o(i.USBD_LL_Transmit)
    USBD_ParseSetupRequest                   0x080070c7   Thumb Code    44  usbd_ctlreq.o(i.USBD_ParseSetupRequest)
    USBD_RegisterClass                       0x080070f3   Thumb Code    36  usbd_core.o(i.USBD_RegisterClass)
    USBD_SetClassConfig                      0x08007117   Thumb Code    20  usbd_core.o(i.USBD_SetClassConfig)
    USBD_Start                               0x080071e9   Thumb Code     4  usbd_core.o(i.USBD_Start)
    USBD_StdDevReq                           0x080071ed   Thumb Code   276  usbd_ctlreq.o(i.USBD_StdDevReq)
    USBD_StdEPReq                            0x08007301   Thumb Code   320  usbd_ctlreq.o(i.USBD_StdEPReq)
    USBD_StdItfReq                           0x08007441   Thumb Code    82  usbd_ctlreq.o(i.USBD_StdItfReq)
    USBD_static_free                         0x08007493   Thumb Code     2  usbd_conf.o(i.USBD_static_free)
    USBD_static_malloc                       0x08007495   Thumb Code     4  usbd_conf.o(i.USBD_static_malloc)
    USB_ActivateEndpoint                     0x0800749d   Thumb Code   874  stm32g4xx_ll_usb.o(i.USB_ActivateEndpoint)
    USB_DeactivateEndpoint                   0x08007807   Thumb Code   270  stm32g4xx_ll_usb.o(i.USB_DeactivateEndpoint)
    USB_Debug_Printf                         0x08007915   Thumb Code    36  usb_debug.o(i.USB_Debug_Printf)
    USB_DevConnect                           0x0800793d   Thumb Code    14  stm32g4xx_ll_usb.o(i.USB_DevConnect)
    USB_DevInit                              0x0800794b   Thumb Code    18  stm32g4xx_ll_usb.o(i.USB_DevInit)
    USB_DisableGlobalInt                     0x0800795d   Thumb Code    16  stm32g4xx_ll_usb.o(i.USB_DisableGlobalInt)
    USB_EPClearStall                         0x0800796d   Thumb Code   112  stm32g4xx_ll_usb.o(i.USB_EPClearStall)
    USB_EPSetStall                           0x080079dd   Thumb Code    50  stm32g4xx_ll_usb.o(i.USB_EPSetStall)
    USB_EPStartXfer                          0x08007a11   Thumb Code   878  stm32g4xx_ll_usb.o(i.USB_EPStartXfer)
    USB_EnableGlobalInt                      0x08007d7f   Thumb Code    18  stm32g4xx_ll_usb.o(i.USB_EnableGlobalInt)
    USB_LP_IRQHandler                        0x08007d91   Thumb Code     6  stm32g4xx_it.o(i.USB_LP_IRQHandler)
    USB_ReadInterrupts                       0x08007d9d   Thumb Code     6  stm32g4xx_ll_usb.o(i.USB_ReadInterrupts)
    USB_ReadPMA                              0x08007da3   Thumb Code    40  stm32g4xx_ll_usb.o(i.USB_ReadPMA)
    USB_SetDevAddress                        0x08007dcb   Thumb Code    12  stm32g4xx_ll_usb.o(i.USB_SetDevAddress)
    USB_WritePMA                             0x08007dd9   Thumb Code    38  stm32g4xx_ll_usb.o(i.USB_WritePMA)
    UsageFault_Handler                       0x08007dff   Thumb Code     2  stm32g4xx_it.o(i.UsageFault_Handler)
    __ARM_fpclassify                         0x08007e01   Thumb Code    48  fpclassify.o(i.__ARM_fpclassify)
    _is_digit                                0x08007e51   Thumb Code    14  __printf_wp.o(i._is_digit)
    main                                     0x08007e69   Thumb Code   190  main.o(i.main)
    _get_lc_numeric                          0x08007f99   Thumb Code    44  lc_numeric_c.o(locale$$code)
    _get_lc_ctype                            0x08007fc5   Thumb Code    44  lc_ctype_c.o(locale$$code)
    __fpl_dretinf                            0x08007ff1   Thumb Code    12  dretinf.o(x$fpl$dretinf)
    __aeabi_f2d                              0x08007ffd   Thumb Code     0  f2d.o(x$fpl$f2d)
    _f2d                                     0x08007ffd   Thumb Code    86  f2d.o(x$fpl$f2d)
    __fpl_fnaninf                            0x08008053   Thumb Code   140  fnaninf.o(x$fpl$fnaninf)
    _fp_init                                 0x080080df   Thumb Code    10  fpinit.o(x$fpl$fpinit)
    __fplib_config_fpu_vfp                   0x080080e7   Thumb Code     0  fpinit.o(x$fpl$fpinit)
    __fplib_config_pureend_doubles           0x080080e7   Thumb Code     0  fpinit.o(x$fpl$fpinit)
    _printf_fp_dec                           0x080080e9   Thumb Code     4  printf1.o(x$fpl$printf1)
    _printf_fp_hex                           0x080080ed   Thumb Code     4  printf2.o(x$fpl$printf2)
    UARTPrescTable                           0x080080f0   Data          24  stm32g4xx_hal_uart.o(.constdata)
    __I$use$fp                               0x080080f0   Number         0  usenofp.o(x$fpl$usenofp)
    AHBPrescTable                            0x08008118   Data          16  system_stm32g4xx.o(.constdata)
    APBPrescTable                            0x08008128   Data           8  system_stm32g4xx.o(.constdata)
    Region$$Table$$Base                      0x0800822c   Number         0  anon$$obj.o(Region$$Table)
    Region$$Table$$Limit                     0x0800824c   Number         0  anon$$obj.o(Region$$Table)
    __ctype                                  0x08008275   Data           0  lc_ctype_c.o(locale$$data)
    uwTickPrio                               0x20000004   Data           4  stm32g4xx_hal.o(.data)
    uwTickFreq                               0x20000008   Data           4  stm32g4xx_hal.o(.data)
    uwTick                                   0x2000000c   Data           4  stm32g4xx_hal.o(.data)
    SystemCoreClock                          0x20000010   Data           4  system_stm32g4xx.o(.data)
    CDC_Desc                                 0x20000014   Data          32  usbd_desc.o(.data)
    USBD_LangIDDesc                          0x20000034   Data           4  usbd_desc.o(.data)
    USBD_CDC_DeviceDesc                      0x20000038   Data          18  usbd_desc.o(.data)
    USBD_StringSerial                        0x2000004c   Data          26  usbd_desc.o(.data)
    USBD_Interface_fops_FS                   0x20000068   Data          20  usbd_cdc_if.o(.data)
    USBD_CDC                                 0x20000158   Data          56  usbd_cdc.o(.data)
    hadc1                                    0x20000190   Data         108  main.o(.bss)
    hadc2                                    0x200001fc   Data         108  main.o(.bss)
    hadc3                                    0x20000268   Data         108  main.o(.bss)
    hspi3                                    0x200002d4   Data         100  main.o(.bss)
    htim1                                    0x20000338   Data          76  main.o(.bss)
    htim2                                    0x20000384   Data          76  main.o(.bss)
    htim3                                    0x200003d0   Data          76  main.o(.bss)
    htim4                                    0x2000041c   Data          76  main.o(.bss)
    huart1                                   0x20000468   Data         148  main.o(.bss)
    huart2                                   0x200004fc   Data         148  main.o(.bss)
    huart3                                   0x20000590   Data         148  main.o(.bss)
    encoder                                  0x20000624   Data          20  main.o(.bss)
    hpcd_USB_FS                              0x20000858   Data         732  usbd_conf.o(.bss)
    hUsbDeviceFS                             0x20000b34   Data         720  usb_device.o(.bss)
    USBD_StrDesc                             0x20000e04   Data         512  usbd_desc.o(.bss)
    UserRxBufferFS                           0x20001004   Data        2048  usbd_cdc_if.o(.bss)
    UserTxBufferFS                           0x20001804   Data        2048  usbd_cdc_if.o(.bss)
    __libspace_start                         0x20002104   Data          96  libspace.o(.bss)
    __temporary_stack_top$libspace           0x20002164   Data           0  libspace.o(.bss)



==============================================================================

Memory Map of the image

  Image Entry point : 0x080001d9

  Load Region LR_IROM1 (Base: 0x08000000, Size: 0x00008508, Max: 0x00080000, ABSOLUTE, COMPRESSED[0x0000843c])

    Execution Region ER_IROM1 (Exec base: 0x08000000, Load base: 0x08000000, Size: 0x00008378, Max: 0x00080000, ABSOLUTE)

    Exec Addr    Load Addr    Size         Type   Attr      Idx    E Section Name        Object

    0x08000000   0x08000000   0x000001d8   Data   RO            3    RESET               startup_stm32g474xx.o
    0x080001d8   0x080001d8   0x00000008   Code   RO         5797  * !!!main             c_w.l(__main.o)
    0x080001e0   0x080001e0   0x00000034   Code   RO         6138    !!!scatter          c_w.l(__scatter.o)
    0x08000214   0x08000214   0x0000005a   Code   RO         6136    !!dczerorl2         c_w.l(__dczerorl2.o)
    0x0800026e   0x0800026e   0x00000002   PAD
    0x08000270   0x08000270   0x0000001c   Code   RO         6140    !!handler_zi        c_w.l(__scatter_zi.o)
    0x0800028c   0x0800028c   0x00000000   Code   RO         5889    .ARM.Collect$$_printf_percent$$00000000  c_w.l(_printf_percent.o)
    0x0800028c   0x0800028c   0x00000006   Code   RO         5878    .ARM.Collect$$_printf_percent$$00000001  c_w.l(_printf_n.o)
    0x08000292   0x08000292   0x00000006   Code   RO         5880    .ARM.Collect$$_printf_percent$$00000002  c_w.l(_printf_p.o)
    0x08000298   0x08000298   0x00000006   Code   RO         5885    .ARM.Collect$$_printf_percent$$00000003  c_w.l(_printf_f.o)
    0x0800029e   0x0800029e   0x00000006   Code   RO         5886    .ARM.Collect$$_printf_percent$$00000004  c_w.l(_printf_e.o)
    0x080002a4   0x080002a4   0x00000006   Code   RO         5887    .ARM.Collect$$_printf_percent$$00000005  c_w.l(_printf_g.o)
    0x080002aa   0x080002aa   0x00000006   Code   RO         5888    .ARM.Collect$$_printf_percent$$00000006  c_w.l(_printf_a.o)
    0x080002b0   0x080002b0   0x0000000a   Code   RO         5893    .ARM.Collect$$_printf_percent$$00000007  c_w.l(_printf_ll.o)
    0x080002ba   0x080002ba   0x00000006   Code   RO         5882    .ARM.Collect$$_printf_percent$$00000008  c_w.l(_printf_i.o)
    0x080002c0   0x080002c0   0x00000006   Code   RO         5883    .ARM.Collect$$_printf_percent$$00000009  c_w.l(_printf_d.o)
    0x080002c6   0x080002c6   0x00000006   Code   RO         5884    .ARM.Collect$$_printf_percent$$0000000A  c_w.l(_printf_u.o)
    0x080002cc   0x080002cc   0x00000006   Code   RO         5881    .ARM.Collect$$_printf_percent$$0000000B  c_w.l(_printf_o.o)
    0x080002d2   0x080002d2   0x00000006   Code   RO         5879    .ARM.Collect$$_printf_percent$$0000000C  c_w.l(_printf_x.o)
    0x080002d8   0x080002d8   0x00000006   Code   RO         5890    .ARM.Collect$$_printf_percent$$0000000D  c_w.l(_printf_lli.o)
    0x080002de   0x080002de   0x00000006   Code   RO         5891    .ARM.Collect$$_printf_percent$$0000000E  c_w.l(_printf_lld.o)
    0x080002e4   0x080002e4   0x00000006   Code   RO         5892    .ARM.Collect$$_printf_percent$$0000000F  c_w.l(_printf_llu.o)
    0x080002ea   0x080002ea   0x00000006   Code   RO         5897    .ARM.Collect$$_printf_percent$$00000010  c_w.l(_printf_llo.o)
    0x080002f0   0x080002f0   0x00000006   Code   RO         5898    .ARM.Collect$$_printf_percent$$00000011  c_w.l(_printf_llx.o)
    0x080002f6   0x080002f6   0x0000000a   Code   RO         5894    .ARM.Collect$$_printf_percent$$00000012  c_w.l(_printf_l.o)
    0x08000300   0x08000300   0x00000006   Code   RO         5876    .ARM.Collect$$_printf_percent$$00000013  c_w.l(_printf_c.o)
    0x08000306   0x08000306   0x00000006   Code   RO         5877    .ARM.Collect$$_printf_percent$$00000014  c_w.l(_printf_s.o)
    0x0800030c   0x0800030c   0x00000006   Code   RO         5895    .ARM.Collect$$_printf_percent$$00000015  c_w.l(_printf_lc.o)
    0x08000312   0x08000312   0x00000006   Code   RO         5896    .ARM.Collect$$_printf_percent$$00000016  c_w.l(_printf_ls.o)
    0x08000318   0x08000318   0x00000004   Code   RO         5944    .ARM.Collect$$_printf_percent$$00000017  c_w.l(_printf_percent_end.o)
    0x0800031c   0x0800031c   0x00000002   Code   RO         5997    .ARM.Collect$$libinit$$00000000  c_w.l(libinit.o)
    0x0800031e   0x0800031e   0x00000004   Code   RO         6018    .ARM.Collect$$libinit$$00000001  c_w.l(libinit2.o)
    0x08000322   0x08000322   0x00000000   Code   RO         6021    .ARM.Collect$$libinit$$00000004  c_w.l(libinit2.o)
    0x08000322   0x08000322   0x00000000   Code   RO         6024    .ARM.Collect$$libinit$$0000000A  c_w.l(libinit2.o)
    0x08000322   0x08000322   0x00000000   Code   RO         6026    .ARM.Collect$$libinit$$0000000C  c_w.l(libinit2.o)
    0x08000322   0x08000322   0x00000000   Code   RO         6028    .ARM.Collect$$libinit$$0000000E  c_w.l(libinit2.o)
    0x08000322   0x08000322   0x00000006   Code   RO         6029    .ARM.Collect$$libinit$$0000000F  c_w.l(libinit2.o)
    0x08000328   0x08000328   0x00000000   Code   RO         6031    .ARM.Collect$$libinit$$00000011  c_w.l(libinit2.o)
    0x08000328   0x08000328   0x0000000c   Code   RO         6032    .ARM.Collect$$libinit$$00000012  c_w.l(libinit2.o)
    0x08000334   0x08000334   0x00000000   Code   RO         6033    .ARM.Collect$$libinit$$00000013  c_w.l(libinit2.o)
    0x08000334   0x08000334   0x00000000   Code   RO         6035    .ARM.Collect$$libinit$$00000015  c_w.l(libinit2.o)
    0x08000334   0x08000334   0x0000000a   Code   RO         6036    .ARM.Collect$$libinit$$00000016  c_w.l(libinit2.o)
    0x0800033e   0x0800033e   0x00000000   Code   RO         6037    .ARM.Collect$$libinit$$00000017  c_w.l(libinit2.o)
    0x0800033e   0x0800033e   0x00000000   Code   RO         6039    .ARM.Collect$$libinit$$00000019  c_w.l(libinit2.o)
    0x0800033e   0x0800033e   0x00000000   Code   RO         6041    .ARM.Collect$$libinit$$0000001B  c_w.l(libinit2.o)
    0x0800033e   0x0800033e   0x00000000   Code   RO         6043    .ARM.Collect$$libinit$$0000001D  c_w.l(libinit2.o)
    0x0800033e   0x0800033e   0x00000000   Code   RO         6045    .ARM.Collect$$libinit$$0000001F  c_w.l(libinit2.o)
    0x0800033e   0x0800033e   0x00000000   Code   RO         6047    .ARM.Collect$$libinit$$00000021  c_w.l(libinit2.o)
    0x0800033e   0x0800033e   0x00000000   Code   RO         6049    .ARM.Collect$$libinit$$00000023  c_w.l(libinit2.o)
    0x0800033e   0x0800033e   0x00000000   Code   RO         6051    .ARM.Collect$$libinit$$00000025  c_w.l(libinit2.o)
    0x0800033e   0x0800033e   0x00000000   Code   RO         6055    .ARM.Collect$$libinit$$0000002C  c_w.l(libinit2.o)
    0x0800033e   0x0800033e   0x00000000   Code   RO         6057    .ARM.Collect$$libinit$$0000002E  c_w.l(libinit2.o)
    0x0800033e   0x0800033e   0x00000000   Code   RO         6059    .ARM.Collect$$libinit$$00000030  c_w.l(libinit2.o)
    0x0800033e   0x0800033e   0x00000000   Code   RO         6061    .ARM.Collect$$libinit$$00000032  c_w.l(libinit2.o)
    0x0800033e   0x0800033e   0x00000002   Code   RO         6062    .ARM.Collect$$libinit$$00000033  c_w.l(libinit2.o)
    0x08000340   0x08000340   0x00000002   Code   RO         6093    .ARM.Collect$$libshutdown$$00000000  c_w.l(libshutdown.o)
    0x08000342   0x08000342   0x00000000   Code   RO         6119    .ARM.Collect$$libshutdown$$00000002  c_w.l(libshutdown2.o)
    0x08000342   0x08000342   0x00000000   Code   RO         6121    .ARM.Collect$$libshutdown$$00000004  c_w.l(libshutdown2.o)
    0x08000342   0x08000342   0x00000000   Code   RO         6124    .ARM.Collect$$libshutdown$$00000007  c_w.l(libshutdown2.o)
    0x08000342   0x08000342   0x00000000   Code   RO         6127    .ARM.Collect$$libshutdown$$0000000A  c_w.l(libshutdown2.o)
    0x08000342   0x08000342   0x00000000   Code   RO         6129    .ARM.Collect$$libshutdown$$0000000C  c_w.l(libshutdown2.o)
    0x08000342   0x08000342   0x00000000   Code   RO         6132    .ARM.Collect$$libshutdown$$0000000F  c_w.l(libshutdown2.o)
    0x08000342   0x08000342   0x00000002   Code   RO         6133    .ARM.Collect$$libshutdown$$00000010  c_w.l(libshutdown2.o)
    0x08000344   0x08000344   0x00000000   Code   RO         5801    .ARM.Collect$$rtentry$$00000000  c_w.l(__rtentry.o)
    0x08000344   0x08000344   0x00000000   Code   RO         5913    .ARM.Collect$$rtentry$$00000002  c_w.l(__rtentry2.o)
    0x08000344   0x08000344   0x00000006   Code   RO         5925    .ARM.Collect$$rtentry$$00000004  c_w.l(__rtentry4.o)
    0x0800034a   0x0800034a   0x00000000   Code   RO         5915    .ARM.Collect$$rtentry$$00000009  c_w.l(__rtentry2.o)
    0x0800034a   0x0800034a   0x00000004   Code   RO         5916    .ARM.Collect$$rtentry$$0000000A  c_w.l(__rtentry2.o)
    0x0800034e   0x0800034e   0x00000000   Code   RO         5918    .ARM.Collect$$rtentry$$0000000C  c_w.l(__rtentry2.o)
    0x0800034e   0x0800034e   0x00000008   Code   RO         5919    .ARM.Collect$$rtentry$$0000000D  c_w.l(__rtentry2.o)
    0x08000356   0x08000356   0x00000002   Code   RO         6005    .ARM.Collect$$rtexit$$00000000  c_w.l(rtexit.o)
    0x08000358   0x08000358   0x00000000   Code   RO         6066    .ARM.Collect$$rtexit$$00000002  c_w.l(rtexit2.o)
    0x08000358   0x08000358   0x00000004   Code   RO         6067    .ARM.Collect$$rtexit$$00000003  c_w.l(rtexit2.o)
    0x0800035c   0x0800035c   0x00000006   Code   RO         6068    .ARM.Collect$$rtexit$$00000004  c_w.l(rtexit2.o)
    0x08000362   0x08000362   0x00000002   PAD
    0x08000364   0x08000364   0x00000040   Code   RO            4    .text               startup_stm32g474xx.o
    0x080003a4   0x080003a4   0x000000ee   Code   RO         5787    .text               c_w.l(lludivv7m.o)
    0x08000492   0x08000492   0x00000002   PAD
    0x08000494   0x08000494   0x00000034   Code   RO         5789    .text               c_w.l(vsnprintf.o)
    0x080004c8   0x080004c8   0x0000004e   Code   RO         5793    .text               c_w.l(rt_memclr_w.o)
    0x08000516   0x08000516   0x00000006   Code   RO         5795    .text               c_w.l(heapauxi.o)
    0x0800051c   0x0800051c   0x0000004e   Code   RO         5808    .text               c_w.l(_printf_pad.o)
    0x0800056a   0x0800056a   0x00000024   Code   RO         5810    .text               c_w.l(_printf_truncate.o)
    0x0800058e   0x0800058e   0x00000052   Code   RO         5812    .text               c_w.l(_printf_str.o)
    0x080005e0   0x080005e0   0x00000078   Code   RO         5814    .text               c_w.l(_printf_dec.o)
    0x08000658   0x08000658   0x00000028   Code   RO         5816    .text               c_w.l(_printf_charcount.o)
    0x08000680   0x08000680   0x00000030   Code   RO         5818    .text               c_w.l(_printf_char_common.o)
    0x080006b0   0x080006b0   0x0000000a   Code   RO         5820    .text               c_w.l(_sputc.o)
    0x080006ba   0x080006ba   0x00000010   Code   RO         5822    .text               c_w.l(_snputc.o)
    0x080006ca   0x080006ca   0x00000002   PAD
    0x080006cc   0x080006cc   0x000000bc   Code   RO         5824    .text               c_w.l(_printf_wctomb.o)
    0x08000788   0x08000788   0x0000007c   Code   RO         5827    .text               c_w.l(_printf_longlong_dec.o)
    0x08000804   0x08000804   0x00000070   Code   RO         5833    .text               c_w.l(_printf_oct_int_ll.o)
    0x08000874   0x08000874   0x00000094   Code   RO         5853    .text               c_w.l(_printf_hex_int_ll_ptr.o)
    0x08000908   0x08000908   0x00000188   Code   RO         5873    .text               c_w.l(__printf_flags_ss_wp.o)
    0x08000a90   0x08000a90   0x0000008a   Code   RO         5929    .text               c_w.l(lludiv10.o)
    0x08000b1a   0x08000b1a   0x000000b2   Code   RO         5931    .text               c_w.l(_printf_intcommon.o)
    0x08000bcc   0x08000bcc   0x0000041e   Code   RO         5933    .text               c_w.l(_printf_fp_dec.o)
    0x08000fea   0x08000fea   0x00000002   PAD
    0x08000fec   0x08000fec   0x000002fc   Code   RO         5935    .text               c_w.l(_printf_fp_hex.o)
    0x080012e8   0x080012e8   0x0000002c   Code   RO         5940    .text               c_w.l(_printf_char.o)
    0x08001314   0x08001314   0x0000002c   Code   RO         5942    .text               c_w.l(_printf_wchar.o)
    0x08001340   0x08001340   0x00000040   Code   RO         5945    .text               c_w.l(_wcrtomb.o)
    0x08001380   0x08001380   0x0000004a   Code   RO         5947    .text               c_w.l(sys_stackheap_outer.o)
    0x080013ca   0x080013ca   0x00000002   PAD
    0x080013cc   0x080013cc   0x00000010   Code   RO         5949    .text               c_w.l(rt_ctype_table.o)
    0x080013dc   0x080013dc   0x00000008   Code   RO         5954    .text               c_w.l(rt_locale_intlibspace.o)
    0x080013e4   0x080013e4   0x00000080   Code   RO         5956    .text               c_w.l(_printf_fp_infnan.o)
    0x08001464   0x08001464   0x000000e4   Code   RO         5958    .text               c_w.l(bigflt0.o)
    0x08001548   0x08001548   0x00000012   Code   RO         5986    .text               c_w.l(exit.o)
    0x0800155a   0x0800155a   0x00000002   PAD
    0x0800155c   0x0800155c   0x00000008   Code   RO         6002    .text               c_w.l(libspace.o)
    0x08001564   0x08001564   0x00000080   Code   RO         6016    .text               c_w.l(strcmpv7m.o)
    0x080015e4   0x080015e4   0x0000000c   Code   RO         6063    .text               c_w.l(sys_exit.o)
    0x080015f0   0x080015f0   0x00000002   Code   RO         6082    .text               c_w.l(use_no_semi.o)
    0x080015f2   0x080015f2   0x00000000   Code   RO         6084    .text               c_w.l(indicate_semi.o)
    0x080015f2   0x080015f2   0x0000003e   Code   RO         5961    CL$$btod_d2e        c_w.l(btod.o)
    0x08001630   0x08001630   0x00000046   Code   RO         5963    CL$$btod_d2e_denorm_low  c_w.l(btod.o)
    0x08001676   0x08001676   0x00000060   Code   RO         5962    CL$$btod_d2e_norm_op1  c_w.l(btod.o)
    0x080016d6   0x080016d6   0x00000338   Code   RO         5971    CL$$btod_div_common  c_w.l(btod.o)
    0x08001a0e   0x08001a0e   0x000000dc   Code   RO         5968    CL$$btod_e2e        c_w.l(btod.o)
    0x08001aea   0x08001aea   0x0000002a   Code   RO         5965    CL$$btod_ediv       c_w.l(btod.o)
    0x08001b14   0x08001b14   0x0000002a   Code   RO         5964    CL$$btod_emul       c_w.l(btod.o)
    0x08001b3e   0x08001b3e   0x00000244   Code   RO         5970    CL$$btod_mult_common  c_w.l(btod.o)
    0x08001d82   0x08001d82   0x00000002   PAD
    0x08001d84   0x08001d84   0x00000058   Code   RO         4916    i.AS5047P_Init      as5047p.o
    0x08001ddc   0x08001ddc   0x00000080   Code   RO         4917    i.AS5047P_ReadAngle  as5047p.o
    0x08001e5c   0x08001e5c   0x00000002   Code   RO          267    i.BusFault_Handler  stm32g4xx_it.o
    0x08001e5e   0x08001e5e   0x00000004   Code   RO         5302    i.CDC_Control_FS    usbd_cdc_if.o
    0x08001e62   0x08001e62   0x00000004   Code   RO         5303    i.CDC_DeInit_FS     usbd_cdc_if.o
    0x08001e66   0x08001e66   0x00000002   PAD
    0x08001e68   0x08001e68   0x00000024   Code   RO         5304    i.CDC_Init_FS       usbd_cdc_if.o
    0x08001e8c   0x08001e8c   0x00000018   Code   RO         5305    i.CDC_Receive_FS    usbd_cdc_if.o
    0x08001ea4   0x08001ea4   0x00000004   Code   RO         5306    i.CDC_TransmitCplt_FS  usbd_cdc_if.o
    0x08001ea8   0x08001ea8   0x0000002c   Code   RO         5307    i.CDC_Transmit_FS   usbd_cdc_if.o
    0x08001ed4   0x08001ed4   0x00000002   Code   RO          268    i.DebugMon_Handler  stm32g4xx_it.o
    0x08001ed6   0x08001ed6   0x00000004   Code   RO           13    i.Error_Handler     main.o
    0x08001eda   0x08001eda   0x00000002   PAD
    0x08001edc   0x08001edc   0x00000160   Code   RO         2652    i.HAL_ADCEx_MultiModeConfigChannel  stm32g4xx_hal_adc_ex.o
    0x0800203c   0x0800203c   0x00000468   Code   RO         2404    i.HAL_ADC_ConfigChannel  stm32g4xx_hal_adc.o
    0x080024a4   0x080024a4   0x00000230   Code   RO         2413    i.HAL_ADC_Init      stm32g4xx_hal_adc.o
    0x080026d4   0x080026d4   0x0000014c   Code   RO          350    i.HAL_ADC_MspInit   stm32g4xx_hal_msp.o
    0x08002820   0x08002820   0x00000024   Code   RO          883    i.HAL_Delay         stm32g4xx_hal.o
    0x08002844   0x08002844   0x00000234   Code   RO         1608    i.HAL_GPIO_Init     stm32g4xx_hal_gpio.o
    0x08002a78   0x08002a78   0x0000000a   Code   RO         1612    i.HAL_GPIO_WritePin  stm32g4xx_hal_gpio.o
    0x08002a82   0x08002a82   0x00000002   PAD
    0x08002a84   0x08002a84   0x0000000c   Code   RO          887    i.HAL_GetTick       stm32g4xx_hal.o
    0x08002a90   0x08002a90   0x00000010   Code   RO          893    i.HAL_IncTick       stm32g4xx_hal.o
    0x08002aa0   0x08002aa0   0x0000001e   Code   RO          894    i.HAL_Init          stm32g4xx_hal.o
    0x08002abe   0x08002abe   0x00000002   PAD
    0x08002ac0   0x08002ac0   0x00000044   Code   RO          895    i.HAL_InitTick      stm32g4xx_hal.o
    0x08002b04   0x08002b04   0x00000030   Code   RO          351    i.HAL_MspInit       stm32g4xx_hal_msp.o
    0x08002b34   0x08002b34   0x0000001a   Code   RO         2257    i.HAL_NVIC_EnableIRQ  stm32g4xx_hal_cortex.o
    0x08002b4e   0x08002b4e   0x00000002   PAD
    0x08002b50   0x08002b50   0x00000040   Code   RO         2263    i.HAL_NVIC_SetPriority  stm32g4xx_hal_cortex.o
    0x08002b90   0x08002b90   0x00000024   Code   RO         2264    i.HAL_NVIC_SetPriorityGrouping  stm32g4xx_hal_cortex.o
    0x08002bb4   0x08002bb4   0x00000024   Code   RO          661    i.HAL_PCDEx_ActivateLPM  stm32g4xx_hal_pcd_ex.o
    0x08002bd8   0x08002bd8   0x00000044   Code   RO         4956    i.HAL_PCDEx_LPM_Callback  usbd_conf.o
    0x08002c1c   0x08002c1c   0x0000003c   Code   RO          667    i.HAL_PCDEx_PMAConfig  stm32g4xx_hal_pcd_ex.o
    0x08002c58   0x08002c58   0x00000012   Code   RO         4958    i.HAL_PCD_DataInStageCallback  usbd_conf.o
    0x08002c6a   0x08002c6a   0x00000014   Code   RO         4959    i.HAL_PCD_DataOutStageCallback  usbd_conf.o
    0x08002c7e   0x08002c7e   0x0000004a   Code   RO          439    i.HAL_PCD_EP_Close  stm32g4xx_hal_pcd.o
    0x08002cc8   0x08002cc8   0x0000005a   Code   RO          440    i.HAL_PCD_EP_ClrStall  stm32g4xx_hal_pcd.o
    0x08002d22   0x08002d22   0x000000dc   Code   RO          441    i.HAL_PCD_EP_DB_Receive  stm32g4xx_hal_pcd.o
    0x08002dfe   0x08002dfe   0x00000380   Code   RO          442    i.HAL_PCD_EP_DB_Transmit  stm32g4xx_hal_pcd.o
    0x0800317e   0x0800317e   0x00000012   Code   RO          444    i.HAL_PCD_EP_GetRxCount  stm32g4xx_hal_pcd.o
    0x08003190   0x08003190   0x0000005c   Code   RO          445    i.HAL_PCD_EP_Open   stm32g4xx_hal_pcd.o
    0x080031ec   0x080031ec   0x0000002e   Code   RO          446    i.HAL_PCD_EP_Receive  stm32g4xx_hal_pcd.o
    0x0800321a   0x0800321a   0x0000005e   Code   RO          447    i.HAL_PCD_EP_SetStall  stm32g4xx_hal_pcd.o
    0x08003278   0x08003278   0x0000002e   Code   RO          448    i.HAL_PCD_EP_Transmit  stm32g4xx_hal_pcd.o
    0x080032a6   0x080032a6   0x0000014a   Code   RO          450    i.HAL_PCD_IRQHandler  stm32g4xx_hal_pcd.o
    0x080033f0   0x080033f0   0x0000009c   Code   RO          453    i.HAL_PCD_Init      stm32g4xx_hal_pcd.o
    0x0800348c   0x0800348c   0x00000058   Code   RO         4964    i.HAL_PCD_MspInit   usbd_conf.o
    0x080034e4   0x080034e4   0x00000026   Code   RO         4965    i.HAL_PCD_ResetCallback  usbd_conf.o
    0x0800350a   0x0800350a   0x00000002   PAD
    0x0800350c   0x0800350c   0x00000028   Code   RO         4966    i.HAL_PCD_ResumeCallback  usbd_conf.o
    0x08003534   0x08003534   0x00000008   Code   RO         4967    i.HAL_PCD_SOFCallback  usbd_conf.o
    0x0800353c   0x0800353c   0x00000026   Code   RO          459    i.HAL_PCD_SetAddress  stm32g4xx_hal_pcd.o
    0x08003562   0x08003562   0x0000000e   Code   RO         4968    i.HAL_PCD_SetupStageCallback  usbd_conf.o
    0x08003570   0x08003570   0x0000002a   Code   RO          461    i.HAL_PCD_Start     stm32g4xx_hal_pcd.o
    0x0800359a   0x0800359a   0x00000002   PAD
    0x0800359c   0x0800359c   0x00000024   Code   RO         4969    i.HAL_PCD_SuspendCallback  usbd_conf.o
    0x080035c0   0x080035c0   0x000000bc   Code   RO         2011    i.HAL_PWREx_ControlVoltageScaling  stm32g4xx_hal_pwr_ex.o
    0x0800367c   0x0800367c   0x00000010   Code   RO         2023    i.HAL_PWREx_DisableUCPDDeadBattery  stm32g4xx_hal_pwr_ex.o
    0x0800368c   0x0800368c   0x00000300   Code   RO         1254    i.HAL_RCCEx_PeriphCLKConfig  stm32g4xx_hal_rcc_ex.o
    0x0800398c   0x0800398c   0x000001dc   Code   RO         1129    i.HAL_RCC_ClockConfig  stm32g4xx_hal_rcc.o
    0x08003b68   0x08003b68   0x00000024   Code   RO         1137    i.HAL_RCC_GetPCLK1Freq  stm32g4xx_hal_rcc.o
    0x08003b8c   0x08003b8c   0x00000024   Code   RO         1138    i.HAL_RCC_GetPCLK2Freq  stm32g4xx_hal_rcc.o
    0x08003bb0   0x08003bb0   0x0000006c   Code   RO         1139    i.HAL_RCC_GetSysClockFreq  stm32g4xx_hal_rcc.o
    0x08003c1c   0x08003c1c   0x00000404   Code   RO         1142    i.HAL_RCC_OscConfig  stm32g4xx_hal_rcc.o
    0x08004020   0x08004020   0x000000ea   Code   RO         2855    i.HAL_SPI_Init      stm32g4xx_hal_spi.o
    0x0800410a   0x0800410a   0x00000002   PAD
    0x0800410c   0x0800410c   0x00000064   Code   RO          353    i.HAL_SPI_MspInit   stm32g4xx_hal_msp.o
    0x08004170   0x08004170   0x00000272   Code   RO         2864    i.HAL_SPI_TransmitReceive  stm32g4xx_hal_spi.o
    0x080043e2   0x080043e2   0x00000028   Code   RO         2268    i.HAL_SYSTICK_Config  stm32g4xx_hal_cortex.o
    0x0800440a   0x0800440a   0x00000002   PAD
    0x0800440c   0x0800440c   0x000000a8   Code   RO         3916    i.HAL_TIMEx_ConfigBreakDeadTime  stm32g4xx_hal_tim_ex.o
    0x080044b4   0x080044b4   0x000000b8   Code   RO         3953    i.HAL_TIMEx_MasterConfigSynchronization  stm32g4xx_hal_tim_ex.o
    0x0800456c   0x0800456c   0x00000062   Code   RO         3197    i.HAL_TIM_Base_Init  stm32g4xx_hal_tim.o
    0x080045ce   0x080045ce   0x00000002   PAD
    0x080045d0   0x080045d0   0x00000070   Code   RO          355    i.HAL_TIM_Base_MspInit  stm32g4xx_hal_msp.o
    0x08004640   0x08004640   0x000000f0   Code   RO         3206    i.HAL_TIM_ConfigClockSource  stm32g4xx_hal_tim.o
    0x08004730   0x08004730   0x00000084   Code   RO          356    i.HAL_TIM_MspPostInit  stm32g4xx_hal_msp.o
    0x080047b4   0x080047b4   0x00000124   Code   RO         3269    i.HAL_TIM_PWM_ConfigChannel  stm32g4xx_hal_tim.o
    0x080048d8   0x080048d8   0x00000062   Code   RO         3272    i.HAL_TIM_PWM_Init  stm32g4xx_hal_tim.o
    0x0800493a   0x0800493a   0x00000002   Code   RO         3274    i.HAL_TIM_PWM_MspInit  stm32g4xx_hal_tim.o
    0x0800493c   0x0800493c   0x00000114   Code   RO         3277    i.HAL_TIM_PWM_Start  stm32g4xx_hal_tim.o
    0x08004a50   0x08004a50   0x00000056   Code   RO         3286    i.HAL_TIM_SlaveConfigSynchro  stm32g4xx_hal_tim.o
    0x08004aa6   0x08004aa6   0x0000003e   Code   RO         4760    i.HAL_UARTEx_DisableFifoMode  stm32g4xx_hal_uart_ex.o
    0x08004ae4   0x08004ae4   0x0000004c   Code   RO         4769    i.HAL_UARTEx_SetRxFifoThreshold  stm32g4xx_hal_uart_ex.o
    0x08004b30   0x08004b30   0x0000004c   Code   RO         4770    i.HAL_UARTEx_SetTxFifoThreshold  stm32g4xx_hal_uart_ex.o
    0x08004b7c   0x08004b7c   0x0000006a   Code   RO         4369    i.HAL_UART_Init     stm32g4xx_hal_uart.o
    0x08004be6   0x08004be6   0x00000002   PAD
    0x08004be8   0x08004be8   0x00000114   Code   RO          358    i.HAL_UART_MspInit  stm32g4xx_hal_msp.o
    0x08004cfc   0x08004cfc   0x00000002   Code   RO          269    i.HardFault_Handler  stm32g4xx_it.o
    0x08004cfe   0x08004cfe   0x00000002   PAD
    0x08004d00   0x08004d00   0x00000038   Code   RO         5216    i.IntToUnicode      usbd_desc.o
    0x08004d38   0x08004d38   0x0000000c   Code   RO         2427    i.LL_ADC_GetOffsetChannel  stm32g4xx_hal_adc.o
    0x08004d44   0x08004d44   0x00000008   Code   RO         2428    i.LL_ADC_INJ_IsConversionOngoing  stm32g4xx_hal_adc.o
    0x08004d4c   0x08004d4c   0x00000008   Code   RO         2429    i.LL_ADC_REG_IsConversionOngoing  stm32g4xx_hal_adc.o
    0x08004d54   0x08004d54   0x00000008   Code   RO         2662    i.LL_ADC_REG_IsConversionOngoing  stm32g4xx_hal_adc_ex.o
    0x08004d5c   0x08004d5c   0x0000001e   Code   RO         2432    i.LL_ADC_SetChannelSamplingTime  stm32g4xx_hal_adc.o
    0x08004d7a   0x08004d7a   0x00000010   Code   RO         2433    i.LL_ADC_SetOffsetState  stm32g4xx_hal_adc.o
    0x08004d8a   0x08004d8a   0x00000002   PAD
    0x08004d8c   0x08004d8c   0x000000b8   Code   RO           14    i.MX_ADC1_Init      main.o
    0x08004e44   0x08004e44   0x00000084   Code   RO           15    i.MX_ADC2_Init      main.o
    0x08004ec8   0x08004ec8   0x00000094   Code   RO           16    i.MX_ADC3_Init      main.o
    0x08004f5c   0x08004f5c   0x000001d8   Code   RO           17    i.MX_GPIO_Init      main.o
    0x08005134   0x08005134   0x0000004c   Code   RO           18    i.MX_SPI3_Init      main.o
    0x08005180   0x08005180   0x000000fc   Code   RO           19    i.MX_TIM1_Init      main.o
    0x0800527c   0x0800527c   0x00000084   Code   RO           20    i.MX_TIM2_Init      main.o
    0x08005300   0x08005300   0x00000068   Code   RO           21    i.MX_TIM3_Init      main.o
    0x08005368   0x08005368   0x000000bc   Code   RO           22    i.MX_TIM4_Init      main.o
    0x08005424   0x08005424   0x00000064   Code   RO           23    i.MX_USART1_UART_Init  main.o
    0x08005488   0x08005488   0x00000064   Code   RO           24    i.MX_USART2_UART_Init  main.o
    0x080054ec   0x080054ec   0x00000064   Code   RO           25    i.MX_USART3_UART_Init  main.o
    0x08005550   0x08005550   0x00000054   Code   RO         5181    i.MX_USB_Device_Init  usb_device.o
    0x080055a4   0x080055a4   0x00000002   Code   RO          270    i.MemManage_Handler  stm32g4xx_it.o
    0x080055a6   0x080055a6   0x00000002   Code   RO          271    i.NMI_Handler       stm32g4xx_it.o
    0x080055a8   0x080055a8   0x00000394   Code   RO          464    i.PCD_EP_ISR_Handler  stm32g4xx_hal_pcd.o
    0x0800593c   0x0800593c   0x00000002   Code   RO          272    i.PendSV_Handler    stm32g4xx_it.o
    0x0800593e   0x0800593e   0x00000048   Code   RO         2893    i.SPI_EndRxTxTransaction  stm32g4xx_hal_spi.o
    0x08005986   0x08005986   0x00000002   PAD
    0x08005988   0x08005988   0x000000e0   Code   RO         2898    i.SPI_WaitFifoStateUntilTimeout  stm32g4xx_hal_spi.o
    0x08005a68   0x08005a68   0x000000bc   Code   RO         2899    i.SPI_WaitFlagStateUntilTimeout  stm32g4xx_hal_spi.o
    0x08005b24   0x08005b24   0x00000002   Code   RO          273    i.SVC_Handler       stm32g4xx_it.o
    0x08005b26   0x08005b26   0x0000000a   Code   RO         5497    i.SWAPBYTE          usbd_ctlreq.o
    0x08005b30   0x08005b30   0x00000004   Code   RO          274    i.SysTick_Handler   stm32g4xx_it.o
    0x08005b34   0x08005b34   0x0000006c   Code   RO           26    i.SystemClock_Config  main.o
    0x08005ba0   0x08005ba0   0x00000010   Code   RO         4879    i.SystemInit        system_stm32g4xx.o
    0x08005bb0   0x08005bb0   0x000000dc   Code   RO         3290    i.TIM_Base_SetConfig  stm32g4xx_hal_tim.o
    0x08005c8c   0x08005c8c   0x0000001a   Code   RO         3291    i.TIM_CCxChannelCmd  stm32g4xx_hal_tim.o
    0x08005ca6   0x08005ca6   0x00000014   Code   RO         3301    i.TIM_ETR_SetConfig  stm32g4xx_hal_tim.o
    0x08005cba   0x08005cba   0x00000002   PAD
    0x08005cbc   0x08005cbc   0x00000014   Code   RO         3302    i.TIM_ITRx_SetConfig  stm32g4xx_hal_tim.o
    0x08005cd0   0x08005cd0   0x000000b4   Code   RO         3303    i.TIM_OC1_SetConfig  stm32g4xx_hal_tim.o
    0x08005d84   0x08005d84   0x000000a8   Code   RO         3304    i.TIM_OC2_SetConfig  stm32g4xx_hal_tim.o
    0x08005e2c   0x08005e2c   0x000000a8   Code   RO         3305    i.TIM_OC3_SetConfig  stm32g4xx_hal_tim.o
    0x08005ed4   0x08005ed4   0x000000a8   Code   RO         3306    i.TIM_OC4_SetConfig  stm32g4xx_hal_tim.o
    0x08005f7c   0x08005f7c   0x00000078   Code   RO         3307    i.TIM_OC5_SetConfig  stm32g4xx_hal_tim.o
    0x08005ff4   0x08005ff4   0x0000007c   Code   RO         3308    i.TIM_OC6_SetConfig  stm32g4xx_hal_tim.o
    0x08006070   0x08006070   0x000000d4   Code   RO         3309    i.TIM_SlaveTimer_SetConfig  stm32g4xx_hal_tim.o
    0x08006144   0x08006144   0x00000068   Code   RO         3310    i.TIM_TI1_ConfigInputStage  stm32g4xx_hal_tim.o
    0x080061ac   0x080061ac   0x0000004c   Code   RO         3312    i.TIM_TI2_ConfigInputStage  stm32g4xx_hal_tim.o
    0x080061f8   0x080061f8   0x00000044   Code   RO         4774    i.UARTEx_SetNbDataToProcess  stm32g4xx_hal_uart_ex.o
    0x0800623c   0x0800623c   0x000000c8   Code   RO         4383    i.UART_AdvFeatureConfig  stm32g4xx_hal_uart.o
    0x08006304   0x08006304   0x000000ac   Code   RO         4384    i.UART_CheckIdleState  stm32g4xx_hal_uart.o
    0x080063b0   0x080063b0   0x00000054   Code   RO         4395    i.UART_EndRxTransfer  stm32g4xx_hal_uart.o
    0x08006404   0x08006404   0x00000298   Code   RO         4401    i.UART_SetConfig    stm32g4xx_hal_uart.o
    0x0800669c   0x0800669c   0x00000094   Code   RO         4408    i.UART_WaitOnFlagUntilTimeout  stm32g4xx_hal_uart.o
    0x08006730   0x08006730   0x00000020   Code   RO         5217    i.USBD_CDC_ConfigStrDescriptor  usbd_desc.o
    0x08006750   0x08006750   0x0000005e   Code   RO         5630    i.USBD_CDC_DataIn   usbd_cdc.o
    0x080067ae   0x080067ae   0x0000002a   Code   RO         5631    i.USBD_CDC_DataOut  usbd_cdc.o
    0x080067d8   0x080067d8   0x00000048   Code   RO         5632    i.USBD_CDC_DeInit   usbd_cdc.o
    0x08006820   0x08006820   0x0000000c   Code   RO         5218    i.USBD_CDC_DeviceDescriptor  usbd_desc.o
    0x0800682c   0x0800682c   0x0000002e   Code   RO         5633    i.USBD_CDC_EP0_RxReady  usbd_cdc.o
    0x0800685a   0x0800685a   0x00000002   PAD
    0x0800685c   0x0800685c   0x0000000c   Code   RO         5634    i.USBD_CDC_GetDeviceQualifierDescriptor  usbd_cdc.o
    0x08006868   0x08006868   0x0000000c   Code   RO         5635    i.USBD_CDC_GetFSCfgDesc  usbd_cdc.o
    0x08006874   0x08006874   0x0000000c   Code   RO         5636    i.USBD_CDC_GetHSCfgDesc  usbd_cdc.o
    0x08006880   0x08006880   0x0000000c   Code   RO         5637    i.USBD_CDC_GetOtherSpeedCfgDesc  usbd_cdc.o
    0x0800688c   0x0800688c   0x000000a2   Code   RO         5638    i.USBD_CDC_Init     usbd_cdc.o
    0x0800692e   0x0800692e   0x00000002   PAD
    0x08006930   0x08006930   0x00000024   Code   RO         5219    i.USBD_CDC_InterfaceStrDescriptor  usbd_desc.o
    0x08006954   0x08006954   0x0000000c   Code   RO         5220    i.USBD_CDC_LangIDStrDescriptor  usbd_desc.o
    0x08006960   0x08006960   0x00000028   Code   RO         5221    i.USBD_CDC_ManufacturerStrDescriptor  usbd_desc.o
    0x08006988   0x08006988   0x0000002c   Code   RO         5222    i.USBD_CDC_ProductStrDescriptor  usbd_desc.o
    0x080069b4   0x080069b4   0x00000028   Code   RO         5639    i.USBD_CDC_ReceivePacket  usbd_cdc.o
    0x080069dc   0x080069dc   0x0000000e   Code   RO         5640    i.USBD_CDC_RegisterInterface  usbd_cdc.o
    0x080069ea   0x080069ea   0x00000002   PAD
    0x080069ec   0x080069ec   0x00000038   Code   RO         5223    i.USBD_CDC_SerialStrDescriptor  usbd_desc.o
    0x08006a24   0x08006a24   0x00000012   Code   RO         5641    i.USBD_CDC_SetRxBuffer  usbd_cdc.o
    0x08006a36   0x08006a36   0x00000016   Code   RO         5642    i.USBD_CDC_SetTxBuffer  usbd_cdc.o
    0x08006a4c   0x08006a4c   0x000000be   Code   RO         5643    i.USBD_CDC_Setup    usbd_cdc.o
    0x08006b0a   0x08006b0a   0x00000036   Code   RO         5644    i.USBD_CDC_TransmitPacket  usbd_cdc.o
    0x08006b40   0x08006b40   0x00000010   Code   RO         5359    i.USBD_ClrClassConfig  usbd_core.o
    0x08006b50   0x08006b50   0x00000010   Code   RO         5570    i.USBD_CtlContinueRx  usbd_ioreq.o
    0x08006b60   0x08006b60   0x00000010   Code   RO         5571    i.USBD_CtlContinueSendData  usbd_ioreq.o
    0x08006b70   0x08006b70   0x00000016   Code   RO         5498    i.USBD_CtlError     usbd_ctlreq.o
    0x08006b86   0x08006b86   0x0000001e   Code   RO         5572    i.USBD_CtlPrepareRx  usbd_ioreq.o
    0x08006ba4   0x08006ba4   0x00000016   Code   RO         5573    i.USBD_CtlReceiveStatus  usbd_ioreq.o
    0x08006bba   0x08006bba   0x0000001a   Code   RO         5574    i.USBD_CtlSendData  usbd_ioreq.o
    0x08006bd4   0x08006bd4   0x00000016   Code   RO         5575    i.USBD_CtlSendStatus  usbd_ioreq.o
    0x08006bea   0x08006bea   0x000000fa   Code   RO         5499    i.USBD_GetDescriptor  usbd_ctlreq.o
    0x08006ce4   0x08006ce4   0x00000048   Code   RO         5500    i.USBD_GetString    usbd_ctlreq.o
    0x08006d2c   0x08006d2c   0x00000018   Code   RO         4970    i.USBD_Get_USB_Status  usbd_conf.o
    0x08006d44   0x08006d44   0x00000026   Code   RO         5361    i.USBD_Init         usbd_core.o
    0x08006d6a   0x08006d6a   0x00000012   Code   RO         4971    i.USBD_LL_ClearStallEP  usbd_conf.o
    0x08006d7c   0x08006d7c   0x00000012   Code   RO         4972    i.USBD_LL_CloseEP   usbd_conf.o
    0x08006d8e   0x08006d8e   0x000000a8   Code   RO         5362    i.USBD_LL_DataInStage  usbd_core.o
    0x08006e36   0x08006e36   0x0000006c   Code   RO         5363    i.USBD_LL_DataOutStage  usbd_core.o
    0x08006ea2   0x08006ea2   0x00000008   Code   RO         4976    i.USBD_LL_GetRxDataSize  usbd_conf.o
    0x08006eaa   0x08006eaa   0x00000002   PAD
    0x08006eac   0x08006eac   0x00000084   Code   RO         4977    i.USBD_LL_Init      usbd_conf.o
    0x08006f30   0x08006f30   0x0000001e   Code   RO         4978    i.USBD_LL_IsStallEP  usbd_conf.o
    0x08006f4e   0x08006f4e   0x00000018   Code   RO         4979    i.USBD_LL_OpenEP    usbd_conf.o
    0x08006f66   0x08006f66   0x00000012   Code   RO         4980    i.USBD_LL_PrepareReceive  usbd_conf.o
    0x08006f78   0x08006f78   0x0000005a   Code   RO         5368    i.USBD_LL_Reset     usbd_core.o
    0x08006fd2   0x08006fd2   0x00000014   Code   RO         5369    i.USBD_LL_Resume    usbd_core.o
    0x08006fe6   0x08006fe6   0x00000020   Code   RO         5370    i.USBD_LL_SOF       usbd_core.o
    0x08007006   0x08007006   0x00000006   Code   RO         5371    i.USBD_LL_SetSpeed  usbd_core.o
    0x0800700c   0x0800700c   0x00000012   Code   RO         4981    i.USBD_LL_SetUSBAddress  usbd_conf.o
    0x0800701e   0x0800701e   0x00000060   Code   RO         5372    i.USBD_LL_SetupStage  usbd_core.o
    0x0800707e   0x0800707e   0x00000012   Code   RO         4982    i.USBD_LL_StallEP   usbd_conf.o
    0x08007090   0x08007090   0x00000012   Code   RO         4983    i.USBD_LL_Start     usbd_conf.o
    0x080070a2   0x080070a2   0x00000012   Code   RO         5373    i.USBD_LL_Suspend   usbd_core.o
    0x080070b4   0x080070b4   0x00000012   Code   RO         4985    i.USBD_LL_Transmit  usbd_conf.o
    0x080070c6   0x080070c6   0x0000002c   Code   RO         5501    i.USBD_ParseSetupRequest  usbd_ctlreq.o
    0x080070f2   0x080070f2   0x00000024   Code   RO         5374    i.USBD_RegisterClass  usbd_core.o
    0x08007116   0x08007116   0x00000014   Code   RO         5376    i.USBD_SetClassConfig  usbd_core.o
    0x0800712a   0x0800712a   0x00000002   PAD
    0x0800712c   0x0800712c   0x000000bc   Code   RO         5502    i.USBD_SetConfig    usbd_ctlreq.o
    0x080071e8   0x080071e8   0x00000004   Code   RO         5377    i.USBD_Start        usbd_core.o
    0x080071ec   0x080071ec   0x00000114   Code   RO         5503    i.USBD_StdDevReq    usbd_ctlreq.o
    0x08007300   0x08007300   0x00000140   Code   RO         5504    i.USBD_StdEPReq     usbd_ctlreq.o
    0x08007440   0x08007440   0x00000052   Code   RO         5505    i.USBD_StdItfReq    usbd_ctlreq.o
    0x08007492   0x08007492   0x00000002   Code   RO         4986    i.USBD_static_free  usbd_conf.o
    0x08007494   0x08007494   0x00000008   Code   RO         4987    i.USBD_static_malloc  usbd_conf.o
    0x0800749c   0x0800749c   0x0000036a   Code   RO          726    i.USB_ActivateEndpoint  stm32g4xx_ll_usb.o
    0x08007806   0x08007806   0x0000010e   Code   RO          730    i.USB_DeactivateEndpoint  stm32g4xx_ll_usb.o
    0x08007914   0x08007914   0x00000028   Code   RO         5736    i.USB_Debug_Printf  usb_debug.o
    0x0800793c   0x0800793c   0x0000000e   Code   RO          731    i.USB_DevConnect    stm32g4xx_ll_usb.o
    0x0800794a   0x0800794a   0x00000012   Code   RO          733    i.USB_DevInit       stm32g4xx_ll_usb.o
    0x0800795c   0x0800795c   0x00000010   Code   RO          734    i.USB_DisableGlobalInt  stm32g4xx_ll_usb.o
    0x0800796c   0x0800796c   0x00000070   Code   RO          735    i.USB_EPClearStall  stm32g4xx_ll_usb.o
    0x080079dc   0x080079dc   0x00000032   Code   RO          736    i.USB_EPSetStall    stm32g4xx_ll_usb.o
    0x08007a0e   0x08007a0e   0x00000002   PAD
    0x08007a10   0x08007a10   0x0000036e   Code   RO          737    i.USB_EPStartXfer   stm32g4xx_ll_usb.o
    0x08007d7e   0x08007d7e   0x00000012   Code   RO          739    i.USB_EnableGlobalInt  stm32g4xx_ll_usb.o
    0x08007d90   0x08007d90   0x0000000c   Code   RO          275    i.USB_LP_IRQHandler  stm32g4xx_it.o
    0x08007d9c   0x08007d9c   0x00000006   Code   RO          742    i.USB_ReadInterrupts  stm32g4xx_ll_usb.o
    0x08007da2   0x08007da2   0x00000028   Code   RO          743    i.USB_ReadPMA       stm32g4xx_ll_usb.o
    0x08007dca   0x08007dca   0x0000000c   Code   RO          745    i.USB_SetDevAddress  stm32g4xx_ll_usb.o
    0x08007dd6   0x08007dd6   0x00000002   PAD
    0x08007dd8   0x08007dd8   0x00000026   Code   RO          747    i.USB_WritePMA      stm32g4xx_ll_usb.o
    0x08007dfe   0x08007dfe   0x00000002   Code   RO          276    i.UsageFault_Handler  stm32g4xx_it.o
    0x08007e00   0x08007e00   0x00000030   Code   RO         6000    i.__ARM_fpclassify  m_wm.l(fpclassify.o)
    0x08007e30   0x08007e30   0x00000020   Code   RO         2270    i.__NVIC_SetPriority  stm32g4xx_hal_cortex.o
    0x08007e50   0x08007e50   0x0000000e   Code   RO         5866    i._is_digit         c_w.l(__printf_wp.o)
    0x08007e5e   0x08007e5e   0x0000000a   Code   RO         4918    i.cs_high           as5047p.o
    0x08007e68   0x08007e68   0x000000dc   Code   RO           27    i.main              main.o
    0x08007f44   0x08007f44   0x00000026   Code   RO         5739    i.send_blocking     usb_debug.o
    0x08007f6a   0x08007f6a   0x0000002c   Code   RO         4919    i.spi_transfer      as5047p.o
    0x08007f96   0x08007f96   0x00000002   PAD
    0x08007f98   0x08007f98   0x0000002c   Code   RO         5984    locale$$code        c_w.l(lc_numeric_c.o)
    0x08007fc4   0x08007fc4   0x0000002c   Code   RO         6010    locale$$code        c_w.l(lc_ctype_c.o)
    0x08007ff0   0x08007ff0   0x0000000c   Code   RO         5899    x$fpl$dretinf       fz_wm.l(dretinf.o)
    0x08007ffc   0x08007ffc   0x00000056   Code   RO         5799    x$fpl$f2d           fz_wm.l(f2d.o)
    0x08008052   0x08008052   0x0000008c   Code   RO         5901    x$fpl$fnaninf       fz_wm.l(fnaninf.o)
    0x080080de   0x080080de   0x0000000a   Code   RO         6078    x$fpl$fpinit        fz_wm.l(fpinit.o)
    0x080080e8   0x080080e8   0x00000004   Code   RO         5903    x$fpl$printf1       fz_wm.l(printf1.o)
    0x080080ec   0x080080ec   0x00000004   Code   RO         5905    x$fpl$printf2       fz_wm.l(printf2.o)
    0x080080f0   0x080080f0   0x00000000   Code   RO         5911    x$fpl$usenofp       fz_wm.l(usenofp.o)
    0x080080f0   0x080080f0   0x00000018   Data   RO         4409    .constdata          stm32g4xx_hal_uart.o
    0x08008108   0x08008108   0x00000010   Data   RO         4775    .constdata          stm32g4xx_hal_uart_ex.o
    0x08008118   0x08008118   0x00000010   Data   RO         4880    .constdata          system_stm32g4xx.o
    0x08008128   0x08008128   0x00000008   Data   RO         4881    .constdata          system_stm32g4xx.o
    0x08008130   0x08008130   0x00000008   Data   RO         5825    .constdata          c_w.l(_printf_wctomb.o)
    0x08008138   0x08008138   0x00000028   Data   RO         5854    .constdata          c_w.l(_printf_hex_int_ll_ptr.o)
    0x08008160   0x08008160   0x00000011   Data   RO         5874    .constdata          c_w.l(__printf_flags_ss_wp.o)
    0x08008171   0x08008171   0x00000026   Data   RO         5936    .constdata          c_w.l(_printf_fp_hex.o)
    0x08008197   0x08008197   0x00000001   PAD
    0x08008198   0x08008198   0x00000094   Data   RO         5959    .constdata          c_w.l(bigflt0.o)
    0x0800822c   0x0800822c   0x00000020   Data   RO         6134    Region$$Table       anon$$obj.o
    0x0800824c   0x0800824c   0x0000001c   Data   RO         5983    locale$$data        c_w.l(lc_numeric_c.o)
    0x08008268   0x08008268   0x00000110   Data   RO         6009    locale$$data        c_w.l(lc_ctype_c.o)


    Execution Region RW_IRAM1 (Exec base: 0x20000000, Load base: 0x08008378, Size: 0x00002768, Max: 0x00020000, ABSOLUTE, COMPRESSED[0x000000c4])

    Exec Addr    Load Addr    Size         Type   Attr      Idx    E Section Name        Object

    0x20000000   COMPRESSED   0x00000004   Data   RW          359    .data               stm32g4xx_hal_msp.o
    0x20000004   COMPRESSED   0x0000000c   Data   RW          914    .data               stm32g4xx_hal.o
    0x20000010   COMPRESSED   0x00000004   Data   RW         4882    .data               system_stm32g4xx.o
    0x20000014   COMPRESSED   0x00000020   Data   RW         5225    .data               usbd_desc.o
    0x20000034   COMPRESSED   0x00000032   Data   RW         5226    .data               usbd_desc.o
    0x20000066   COMPRESSED   0x00000002   PAD
    0x20000068   COMPRESSED   0x00000014   Data   RW         5309    .data               usbd_cdc_if.o
    0x2000007c   COMPRESSED   0x00000001   Data   RW         5506    .data               usbd_ctlreq.o
    0x2000007d   COMPRESSED   0x00000003   PAD
    0x20000080   COMPRESSED   0x000000d7   Data   RW         5645    .data               usbd_cdc.o
    0x20000157   COMPRESSED   0x00000001   PAD
    0x20000158   COMPRESSED   0x00000038   Data   RW         5646    .data               usbd_cdc.o
    0x20000190        -       0x000004a8   Zero   RW           28    .bss                main.o
    0x20000638        -       0x000004fc   Zero   RW         4988    .bss                usbd_conf.o
    0x20000b34        -       0x000002d0   Zero   RW         5182    .bss                usb_device.o
    0x20000e04        -       0x00000200   Zero   RW         5224    .bss                usbd_desc.o
    0x20001004        -       0x00001000   Zero   RW         5308    .bss                usbd_cdc_if.o
    0x20002004        -       0x00000100   Zero   RW         5740    .bss                usb_debug.o
    0x20002104        -       0x00000060   Zero   RW         6003    .bss                c_w.l(libspace.o)
    0x20002164   COMPRESSED   0x00000004   PAD
    0x20002168        -       0x00000200   Zero   RW            2    HEAP                startup_stm32g474xx.o
    0x20002368        -       0x00000400   Zero   RW            1    STACK               startup_stm32g474xx.o


==============================================================================

Image component sizes


      Code (inc. data)   RO Data    RW Data    ZI Data      Debug   Object Name

       270         14          0          0          0       3119   as5047p.o
      2320        158          0          0       1192     957336   main.o
        64         26        472          0       1536        900   startup_stm32g474xx.o
       162         24          0         12          0       4717   stm32g4xx_hal.o
      1762        116          0          0          0      75051   stm32g4xx_hal_adc.o
       360         26          0          0          0      69439   stm32g4xx_hal_adc_ex.o
       198         14          0          0          0      34175   stm32g4xx_hal_cortex.o
       574         32          0          0          0       2480   stm32g4xx_hal_gpio.o
      1000        100          0          4          0       5890   stm32g4xx_hal_msp.o
      3058          0          0          0          0      15649   stm32g4xx_hal_pcd.o
        96          0          0          0          0       2116   stm32g4xx_hal_pcd_ex.o
       204         18          0          0          0       1517   stm32g4xx_hal_pwr_ex.o
      1684         88          0          0          0       6624   stm32g4xx_hal_rcc.o
       768         10          0          0          0       2096   stm32g4xx_hal_rcc_ex.o
      1344         10          0          0          0       6633   stm32g4xx_hal_spi.o
      2698        322          0          0          0      17649   stm32g4xx_hal_tim.o
       352         48          0          0          0       2536   stm32g4xx_hal_tim_ex.o
      1374         76         24          0          0      25598   stm32g4xx_hal_uart.o
       282          6         16          0          0       3953   stm32g4xx_hal_uart_ex.o
        32          6          0          0          0       5194   stm32g4xx_it.o
      2346          0          0          0          0      14788   stm32g4xx_ll_usb.o
        16          4         24          4          0       1295   system_stm32g4xx.o
        78          4          0          0        256       2455   usb_debug.o
        84         18          0          0        720        920   usb_device.o
       802         16          0        271          0      14765   usbd_cdc.o
       116         22          0         20       4096       4360   usbd_cdc_if.o
       684         36          0          0       1276      18602   usbd_conf.o
       652          0          0          0          0      10691   usbd_core.o
      1264         22          0          1          0      14972   usbd_ctlreq.o
       288        104          0         82        512       6726   usbd_desc.o
       132          0          0          0          0       4920   usbd_ioreq.o

    ----------------------------------------------------------------------
     25110       1320        568        400       9588    1337166   Object Totals
         0          0         32          0          0          0   (incl. Generated)
        46          0          0          6          0          0   (incl. Padding)

    ----------------------------------------------------------------------

      Code (inc. data)   RO Data    RW Data    ZI Data      Debug   Library Member Name

        90          0          0          0          0          0   __dczerorl2.o
         8          0          0          0          0         68   __main.o
       392          4         17          0          0         92   __printf_flags_ss_wp.o
        14          0          0          0          0         68   __printf_wp.o
         0          0          0          0          0          0   __rtentry.o
        12          0          0          0          0          0   __rtentry2.o
         6          0          0          0          0          0   __rtentry4.o
        52          8          0          0          0          0   __scatter.o
        28          0          0          0          0          0   __scatter_zi.o
         6          0          0          0          0          0   _printf_a.o
         6          0          0          0          0          0   _printf_c.o
        44          0          0          0          0        108   _printf_char.o
        48          6          0          0          0         96   _printf_char_common.o
        40          0          0          0          0         68   _printf_charcount.o
         6          0          0          0          0          0   _printf_d.o
       120         16          0          0          0         92   _printf_dec.o
         6          0          0          0          0          0   _printf_e.o
         6          0          0          0          0          0   _printf_f.o
      1054          0          0          0          0        216   _printf_fp_dec.o
       764          8         38          0          0        100   _printf_fp_hex.o
       128         16          0          0          0         84   _printf_fp_infnan.o
         6          0          0          0          0          0   _printf_g.o
       148          4         40          0          0        160   _printf_hex_int_ll_ptr.o
         6          0          0          0          0          0   _printf_i.o
       178          0          0          0          0         88   _printf_intcommon.o
        10          0          0          0          0          0   _printf_l.o
         6          0          0          0          0          0   _printf_lc.o
        10          0          0          0          0          0   _printf_ll.o
         6          0          0          0          0          0   _printf_lld.o
         6          0          0          0          0          0   _printf_lli.o
         6          0          0          0          0          0   _printf_llo.o
         6          0          0          0          0          0   _printf_llu.o
         6          0          0          0          0          0   _printf_llx.o
       124         16          0          0          0         92   _printf_longlong_dec.o
         6          0          0          0          0          0   _printf_ls.o
         6          0          0          0          0          0   _printf_n.o
         6          0          0          0          0          0   _printf_o.o
       112         10          0          0          0        124   _printf_oct_int_ll.o
         6          0          0          0          0          0   _printf_p.o
        78          0          0          0          0        108   _printf_pad.o
         0          0          0          0          0          0   _printf_percent.o
         4          0          0          0          0          0   _printf_percent_end.o
         6          0          0          0          0          0   _printf_s.o
        82          0          0          0          0         80   _printf_str.o
        36          0          0          0          0         84   _printf_truncate.o
         6          0          0          0          0          0   _printf_u.o
        44          0          0          0          0        108   _printf_wchar.o
       188          6          8          0          0         92   _printf_wctomb.o
         6          0          0          0          0          0   _printf_x.o
        16          0          0          0          0         68   _snputc.o
        10          0          0          0          0         68   _sputc.o
        64          0          0          0          0         92   _wcrtomb.o
       228          4        148          0          0         96   bigflt0.o
      1936        128          0          0          0        672   btod.o
        18          0          0          0          0         80   exit.o
         6          0          0          0          0        152   heapauxi.o
         0          0          0          0          0          0   indicate_semi.o
        44         10        272          0          0         76   lc_ctype_c.o
        44         10         28          0          0         76   lc_numeric_c.o
         2          0          0          0          0          0   libinit.o
        34          0          0          0          0          0   libinit2.o
         2          0          0          0          0          0   libshutdown.o
         2          0          0          0          0          0   libshutdown2.o
         8          4          0          0         96         68   libspace.o
       138          0          0          0          0         80   lludiv10.o
       238          0          0          0          0        100   lludivv7m.o
        16          4          0          0          0         76   rt_ctype_table.o
         8          4          0          0          0         68   rt_locale_intlibspace.o
        78          0          0          0          0         80   rt_memclr_w.o
         2          0          0          0          0          0   rtexit.o
        10          0          0          0          0          0   rtexit2.o
       128          0          0          0          0         68   strcmpv7m.o
        12          4          0          0          0         68   sys_exit.o
        74          0          0          0          0         80   sys_stackheap_outer.o
         2          0          0          0          0         68   use_no_semi.o
        52          4          0          0          0         80   vsnprintf.o
        12          0          0          0          0        116   dretinf.o
        86          4          0          0          0        132   f2d.o
       140          4          0          0          0        132   fnaninf.o
        10          0          0          0          0        116   fpinit.o
         4          0          0          0          0        116   printf1.o
         4          0          0          0          0        116   printf2.o
         0          0          0          0          0          0   usenofp.o
        48          0          0          0          0        124   fpclassify.o

    ----------------------------------------------------------------------
      7426        274        552          0        100       4996   Library Totals
        16          0          1          0          4          0   (incl. Padding)

    ----------------------------------------------------------------------

      Code (inc. data)   RO Data    RW Data    ZI Data      Debug   Library Name

      7106        266        551          0         96       4144   c_w.l
       256          8          0          0          0        728   fz_wm.l
        48          0          0          0          0        124   m_wm.l

    ----------------------------------------------------------------------
      7426        274        552          0        100       4996   Library Totals

    ----------------------------------------------------------------------

==============================================================================


      Code (inc. data)   RO Data    RW Data    ZI Data      Debug   

     32536       1594       1120        400       9688    1318626   Grand Totals
     32536       1594       1120        196       9688    1318626   ELF Image Totals (compressed)
     32536       1594       1120        196          0          0   ROM Totals

==============================================================================

    Total RO  Size (Code + RO Data)                33656 (  32.87kB)
    Total RW  Size (RW Data + ZI Data)             10088 (   9.85kB)
    Total ROM Size (Code + RO Data + RW Data)      33852 (  33.06kB)

==============================================================================

