<html>
<body>
<pre>
<h1>µVision Build Log</h1>
<h2>Tool Versions:</h2>
IDE-Version: ¦ÌVision V5.42.0.0
Copyright (C) 2025 ARM Ltd and ARM Germany GmbH. All rights reserved.
License Information: A Lenovo, A, LIC=76F5U-SIMDM-01FP1-C61KF-FT85M-W639U
 
Tool Versions:
Toolchain:       MDK-ARM Plus  Version: 5.42.0.0
Toolchain Path:  C:\Keil_v5\ARM\ARMCC\Bin
C Compiler:      Armcc.exe V5.06 update 5 (build 528)
Assembler:       Armasm.exe V5.06 update 5 (build 528)
Linker/Locator:  ArmLink.exe V5.06 update 5 (build 528)
Library Manager: ArmAr.exe V5.06 update 5 (build 528)
Hex Converter:   FromElf.exe V5.06 update 5 (build 528)
CPU DLL:         SARMCM3.DLL V5.42.0.0
Dialog DLL:      DCM.DLL V1.17.5.0
Target DLL:      STLink\ST-LINKIII-KEIL_SWO.dll V3.3.0.0
Dialog DLL:      TCM.DLL V1.56.6.0
 
<h2>Project:</h2>
C:\Users\Lenovo\Desktop\Embedded system Learning\MCU\Brushless Motor\Balance_Pro\BL_Pro_RET6\MDK-ARM\BL_Pro_RET6.uvprojx
Project File Date:  03/14/2026

<h2>Output:</h2>
*** Using Compiler 'V5.06 update 5 (build 528)', folder: 'C:\Keil_v5\ARM\ARMCC\Bin'
Build target 'BL_Pro_RET6'
compiling sys.c...
..\System\INT.h(26): warning:  #1-D: last line of file ends without a newline
  #endif
..\System\sys.h(143): warning:  #1-D: last line of file ends without a newline
  #endif
..\System\sys.c(10): warning:  #188-D: enumerated type mixed with another type
  	HAL_GPIO_WritePin(GPIO_PORT,GPIO_PIN,0);
..\System\sys.c(15): warning:  #188-D: enumerated type mixed with another type
  	HAL_GPIO_WritePin(GPIO_PORT,GPIO_PIN,1);
..\System\sys.c: 4 warnings, 0 errors
linking...
Program Size: Code=33008 RO-data=1120 RW-data=400 ZI-data=9688  
FromELF: creating hex file...
"BL_Pro_RET6\BL_Pro_RET6.axf" - 0 Error(s), 4 Warning(s).

<h2>Software Packages used:</h2>

Package Vendor: ARM
                http://www.keil.com/pack/ARM.CMSIS.5.0.1.pack
                ARM::CMSIS@5.0.1
                CMSIS (Cortex Microcontroller Software Interface Standard)
   * Component: CORE Version: 5.0.1

Package Vendor: Keil
                http://www.keil.com/pack/Keil.STM32G4xx_DFP.1.4.0.pack
                Keil::STM32G4xx_DFP@1.4.0
                STMicroelectronics STM32G4 Series Device Support, Drivers and Examples

<h2>Collection of Component include folders:</h2>
  ./RTE/_BL_Pro_RET6
  C:/Keil_v5/ARM/PACK/ARM/CMSIS/5.0.1/CMSIS/Include
  C:/Keil_v5/ARM/PACK/Keil/STM32G4xx_DFP/1.4.0/Drivers/CMSIS/Device/ST/STM32G4xx/Include

<h2>Collection of Component Files used:</h2>

   * Component: ARM::CMSIS:CORE@5.0.1
Build Time Elapsed:  00:00:04
</pre>
</body>
</html>
